Component: ARM Compiler 5.06 update 1 (build 61) Tool: armlink [4d35a8]

==============================================================================

Section Cross References

    startup_stm32f10x_md.o(STACK) refers (Special) to heapauxi.o(.text) for __use_two_region_memory
    startup_stm32f10x_md.o(HEAP) refers (Special) to heapauxi.o(.text) for __use_two_region_memory
    startup_stm32f10x_md.o(RESET) refers (Special) to heapauxi.o(.text) for __use_two_region_memory
    startup_stm32f10x_md.o(RESET) refers to startup_stm32f10x_md.o(STACK) for __initial_sp
    startup_stm32f10x_md.o(RESET) refers to startup_stm32f10x_md.o(.text) for Reset_Handler
    startup_stm32f10x_md.o(RESET) refers to stm32f10x_it.o(i.NMI_Handler) for NMI_Handler
    startup_stm32f10x_md.o(RESET) refers to stm32f10x_it.o(i.HardFault_Handler) for HardFault_Handler
    startup_stm32f10x_md.o(RESET) refers to stm32f10x_it.o(i.MemManage_Handler) for MemManage_Handler
    startup_stm32f10x_md.o(RESET) refers to stm32f10x_it.o(i.BusFault_Handler) for BusFault_Handler
    startup_stm32f10x_md.o(RESET) refers to stm32f10x_it.o(i.UsageFault_Handler) for UsageFault_Handler
    startup_stm32f10x_md.o(RESET) refers to stm32f10x_it.o(i.SVC_Handler) for SVC_Handler
    startup_stm32f10x_md.o(RESET) refers to stm32f10x_it.o(i.DebugMon_Handler) for DebugMon_Handler
    startup_stm32f10x_md.o(RESET) refers to stm32f10x_it.o(i.PendSV_Handler) for PendSV_Handler
    startup_stm32f10x_md.o(RESET) refers to stm32f10x_it.o(i.SysTick_Handler) for SysTick_Handler
    startup_stm32f10x_md.o(RESET) refers to usart.o(i.USART1_IRQHandler) for USART1_IRQHandler
    startup_stm32f10x_md.o(RESET) refers to bt.o(i.USART2_IRQHandler) for USART2_IRQHandler
    startup_stm32f10x_md.o(RESET) refers to esp8266.o(i.USART3_IRQHandler) for USART3_IRQHandler
    startup_stm32f10x_md.o(.text) refers (Special) to heapauxi.o(.text) for __use_two_region_memory
    startup_stm32f10x_md.o(.text) refers to system_stm32f10x.o(i.SystemInit) for SystemInit
    startup_stm32f10x_md.o(.text) refers to __main.o(!!!main) for __main
    startup_stm32f10x_md.o(.text) refers to startup_stm32f10x_md.o(HEAP) for Heap_Mem
    startup_stm32f10x_md.o(.text) refers to startup_stm32f10x_md.o(STACK) for Stack_Mem
    system_stm32f10x.o(i.SetSysClock) refers to system_stm32f10x.o(i.SetSysClockTo72) for SetSysClockTo72
    system_stm32f10x.o(i.SystemCoreClockUpdate) refers to system_stm32f10x.o(.data) for SystemCoreClock
    system_stm32f10x.o(i.SystemInit) refers to system_stm32f10x.o(i.SetSysClock) for SetSysClock
    stm32f10x_adc.o(i.ADC_DeInit) refers to stm32f10x_rcc.o(i.RCC_APB2PeriphResetCmd) for RCC_APB2PeriphResetCmd
    stm32f10x_bkp.o(i.BKP_DeInit) refers to stm32f10x_rcc.o(i.RCC_BackupResetCmd) for RCC_BackupResetCmd
    stm32f10x_can.o(i.CAN_DeInit) refers to stm32f10x_rcc.o(i.RCC_APB1PeriphResetCmd) for RCC_APB1PeriphResetCmd
    stm32f10x_can.o(i.CAN_GetITStatus) refers to stm32f10x_can.o(i.CheckITStatus) for CheckITStatus
    stm32f10x_cec.o(i.CEC_DeInit) refers to stm32f10x_rcc.o(i.RCC_APB1PeriphResetCmd) for RCC_APB1PeriphResetCmd
    stm32f10x_dac.o(i.DAC_DeInit) refers to stm32f10x_rcc.o(i.RCC_APB1PeriphResetCmd) for RCC_APB1PeriphResetCmd
    stm32f10x_flash.o(i.FLASH_EnableWriteProtection) refers to stm32f10x_flash.o(i.FLASH_WaitForLastOperation) for FLASH_WaitForLastOperation
    stm32f10x_flash.o(i.FLASH_EraseAllBank1Pages) refers to stm32f10x_flash.o(i.FLASH_WaitForLastBank1Operation) for FLASH_WaitForLastBank1Operation
    stm32f10x_flash.o(i.FLASH_EraseAllPages) refers to stm32f10x_flash.o(i.FLASH_WaitForLastOperation) for FLASH_WaitForLastOperation
    stm32f10x_flash.o(i.FLASH_EraseOptionBytes) refers to stm32f10x_flash.o(i.FLASH_GetReadOutProtectionStatus) for FLASH_GetReadOutProtectionStatus
    stm32f10x_flash.o(i.FLASH_EraseOptionBytes) refers to stm32f10x_flash.o(i.FLASH_WaitForLastOperation) for FLASH_WaitForLastOperation
    stm32f10x_flash.o(i.FLASH_ErasePage) refers to stm32f10x_flash.o(i.FLASH_WaitForLastOperation) for FLASH_WaitForLastOperation
    stm32f10x_flash.o(i.FLASH_ProgramHalfWord) refers to stm32f10x_flash.o(i.FLASH_WaitForLastOperation) for FLASH_WaitForLastOperation
    stm32f10x_flash.o(i.FLASH_ProgramOptionByteData) refers to stm32f10x_flash.o(i.FLASH_WaitForLastOperation) for FLASH_WaitForLastOperation
    stm32f10x_flash.o(i.FLASH_ProgramWord) refers to stm32f10x_flash.o(i.FLASH_WaitForLastOperation) for FLASH_WaitForLastOperation
    stm32f10x_flash.o(i.FLASH_ReadOutProtection) refers to stm32f10x_flash.o(i.FLASH_WaitForLastOperation) for FLASH_WaitForLastOperation
    stm32f10x_flash.o(i.FLASH_UserOptionByteConfig) refers to stm32f10x_flash.o(i.FLASH_WaitForLastOperation) for FLASH_WaitForLastOperation
    stm32f10x_flash.o(i.FLASH_WaitForLastBank1Operation) refers to stm32f10x_flash.o(i.FLASH_GetBank1Status) for FLASH_GetBank1Status
[...]
    i.SysTick_Handler                        0x08003dc2   Section        0  stm32f10x_it.o(i.SysTick_Handler)
    i.SystemInit                             0x08003dc4   Section        0  system_stm32f10x.o(i.SystemInit)
    i.USART1_IRQHandler                      0x08003e24   Section        0  usart.o(i.USART1_IRQHandler)
    i.USART2_IRQHandler                      0x08003eac   Section        0  bt.o(i.USART2_IRQHandler)
    i.USART3_IRQHandler                      0x08003f34   Section        0  esp8266.o(i.USART3_IRQHandler)
    i.USART_ClearFlag                        0x08003f80   Section        0  stm32f10x_usart.o(i.USART_ClearFlag)
    i.USART_Cmd                              0x08003f92   Section        0  stm32f10x_usart.o(i.USART_Cmd)
    i.USART_GetFlagStatus                    0x08003faa   Section        0  stm32f10x_usart.o(i.USART_GetFlagStatus)
    i.USART_GetITStatus                      0x08003fc4   Section        0  stm32f10x_usart.o(i.USART_GetITStatus)
    i.USART_ITConfig                         0x08004018   Section        0  stm32f10x_usart.o(i.USART_ITConfig)
    i.USART_Init                             0x08004064   Section        0  stm32f10x_usart.o(i.USART_Init)
    i.USART_ReceiveData                      0x0800413c   Section        0  stm32f10x_usart.o(i.USART_ReceiveData)
    i.USART_SendData                         0x08004146   Section        0  stm32f10x_usart.o(i.USART_SendData)
    i.UsageFault_Handler                     0x0800414e   Section        0  stm32f10x_it.o(i.UsageFault_Handler)
    i.UsartPrintf                            0x08004152   Section        0  usart.o(i.UsartPrintf)
    i.Usart_SendString                       0x0800419a   Section        0  usart.o(i.Usart_SendString)
    i.__ARM_fpclassify                       0x080041cc   Section        0  fpclassify.o(i.__ARM_fpclassify)
    i._is_digit                              0x080041f4   Section        0  __printf_wp.o(i._is_digit)
    i.delay_init                             0x08004204   Section        0  delay.o(i.delay_init)
    i.delay_ms                               0x08004248   Section        0  delay.o(i.delay_ms)
    i.delay_us                               0x08004294   Section        0  delay.o(i.delay_us)
    i.enviroment_check                       0x080042e0   Section        0  main.o(i.enviroment_check)
    i.main                                   0x08004358   Section        0  main.o(i.main)
    i.mread                                  0x08004548   Section        0  gy302.o(i.mread)
    i.oled_pow                               0x0800458c   Section        0  oled.o(i.oled_pow)
    i.readGY302                              0x080045a4   Section        0  gy302.o(i.readGY302)
    i.readMQ2                                0x080045f4   Section        0  mq-2.o(i.readMQ2)
    i.uart1_init                             0x080046a0   Section        0  usart.o(i.uart1_init)
    i.uart2_init                             0x08004740   Section        0  bt.o(i.uart2_init)
    i.uart3_init                             0x080047e4   Section        0  usart.o(i.uart3_init)
    i.uart_revpro                            0x0800488c   Section        0  main.o(i.uart_revpro)
    locale$$code                             0x08004a0c   Section       44  lc_ctype_c.o(locale$$code)
    locale$$code                             0x08004a38   Section       44  lc_numeric_c.o(locale$$code)
    x$fpl$ddiv                               0x08004a64   Section      688  ddiv.o(x$fpl$ddiv)
    ddiv_entry                               0x08004a6b   Thumb Code     0  ddiv.o(x$fpl$ddiv)
    x$fpl$dfixu                              0x08004d14   Section       90  dfixu.o(x$fpl$dfixu)
    x$fpl$dfltu                              0x08004d6e   Section       38  dflt_clz.o(x$fpl$dfltu)
    x$fpl$dmul                               0x08004d94   Section      340  dmul.o(x$fpl$dmul)
    x$fpl$dnaninf                            0x08004ee8   Section      156  dnaninf.o(x$fpl$dnaninf)
    x$fpl$dretinf                            0x08004f84   Section       12  dretinf.o(x$fpl$dretinf)
    x$fpl$printf1                            0x08004f90   Section        4  printf1.o(x$fpl$printf1)
    .constdata                               0x08004f94   Section     2072  oled.o(.constdata)
    x$fpl$usenofp                            0x08004f94   Section        0  usenofp.o(x$fpl$usenofp)
    .constdata                               0x080057ac   Section       17  __printf_flags_ss_wp.o(.constdata)
    maptable                                 0x080057ac   Data          17  __printf_flags_ss_wp.o(.constdata)
    .constdata                               0x080057c0   Section        8  _printf_wctomb.o(.constdata)
    initial_mbstate                          0x080057c0   Data           8  _printf_wctomb.o(.constdata)
    .constdata                               0x080057c8   Section       40  _printf_hex_int_ll_ptr.o(.constdata)
    uc_hextab                                0x080057c8   Data          20  _printf_hex_int_ll_ptr.o(.constdata)
    lc_hextab                                0x080057dc   Data          20  _printf_hex_int_ll_ptr.o(.constdata)
    .constdata                               0x080057f0   Section      148  bigflt0.o(.constdata)
    tenpwrs_x                                0x080057f0   Data          60  bigflt0.o(.constdata)
    tenpwrs_i                                0x0800582c   Data          64  bigflt0.o(.constdata)
    locale$$data                             0x080058a4   Section      272  lc_ctype_c.o(locale$$data)
    __lcctype_c_name                         0x080058a8   Data           2  lc_ctype_c.o(locale$$data)
    __lcctype_c_start                        0x080058b0   Data           0  lc_ctype_c.o(locale$$data)
    locale$$data                             0x080059b4   Section       28  lc_numeric_c.o(locale$$data)
    __lcctype_c_end                          0x080059b4   Data           0  lc_ctype_c.o(locale$$data)
    __lcnum_c_name                           0x080059b8   Data           2  lc_numeric_c.o(locale$$data)
    __lcnum_c_start                          0x080059c0   Data           0  lc_numeric_c.o(locale$$data)
    __lcnum_c_point                          0x080059cc   Data           0  lc_numeric_c.o(locale$$data)
    __lcnum_c_thousands                      0x080059ce   Data           0  lc_numeric_c.o(locale$$data)
    __lcnum_c_grouping                       0x080059cf   Data           0  lc_numeric_c.o(locale$$data)
    __lcnum_c_end                            0x080059d0   Data           0  lc_numeric_c.o(locale$$data)
    .data                                    0x20000000   Section       20  system_stm32f10x.o(.data)
    .data                                    0x20000014   Section       20  stm32f10x_rcc.o(.data)
    APBAHBPrescTable                         0x20000014   Data          16  stm32f10x_rcc.o(.data)
    ADCPrescTable                            0x20000024   Data           4  stm32f10x_rcc.o(.data)
    .data                                    0x20000028   Section       20  main.o(.data)
    .data                                    0x2000003c   Section        4  delay.o(.data)
    fac_us                                   0x2000003c   Data           1  delay.o(.data)
    fac_ms                                   0x2000003e   Data           2  delay.o(.data)
    .data                                    0x20000040   Section        2  usart.o(.data)
    .data                                    0x20000042   Section        3  gy302.o(.data)
    .data                                    0x20000046   Section        2  bt.o(.data)
    .data                                    0x20000048   Section        4  esp8266.o(.data)
    .bss                                     0x2000004c   Section      200  usart.o(.bss)
    .bss                                     0x20000114   Section      200  bt.o(.bss)
    .bss                                     0x200001dc   Section      128  esp8266.o(.bss)
    .bss                                     0x2000025c   Section       96  libspace.o(.bss)
    HEAP                                     0x200002c0   Section      512  startup_stm32f10x_md.o(HEAP)
    Heap_Mem                                 0x200002c0   Data         512  startup_stm32f10x_md.o(HEAP)
    STACK                                    0x200004c0   Section     1024  startup_stm32f10x_md.o(STACK)
    Stack_Mem                                0x200004c0   Data        1024  startup_stm32f10x_md.o(STACK)
    __initial_sp                             0x200008c0   Data           0  startup_stm32f10x_md.o(STACK)

    Global Symbols

    Symbol Name                              Value     Ov Type        Size  Object(Section)

    BuildAttributes$$THM_ISAv4$P$D$K$B$S$PE$A:L22UL41UL21$X:L11$S22US41US21$IEEE1$IW$USESV6$~STKCKD$USESV7$~SHL$OTIME$ROPI$IEEEJ$EBA8$UX$STANDARDLIB$REQ8$PRES8$EABIv2 0x00000000   Number         0  anon$$obj.o ABSOLUTE
    __ARM_use_no_argv                        0x00000000   Number         0  main.o ABSOLUTE
    _printf_flags                            0x00000000   Number         0  printf_stubs.o ABSOLUTE
    _printf_return_value                     0x00000000   Number         0  printf_stubs.o ABSOLUTE
    _printf_sizespec                         0x00000000   Number         0  printf_stubs.o ABSOLUTE
    _printf_widthprec                        0x00000000   Number         0  printf_stubs.o ABSOLUTE
    __ARM_exceptions_init                     - Undefined Weak Reference
    __alloca_initialize                       - Undefined Weak Reference
    __arm_preinit_                            - Undefined Weak Reference
    __cpp_initialize__aeabi_                  - Undefined Weak Reference
    __cxa_finalize                            - Undefined Weak Reference
    __sigvec_lookup                           - Undefined Weak Reference
    __user_heap_extent                        - Undefined Weak Reference
    _atexit_init                              - Undefined Weak Reference
    _call_atexit_fns                          - Undefined Weak Reference
    _clock_init                               - Undefined Weak Reference
    _fp_trap_init                             - Undefined Weak Reference
    _fp_trap_shutdown                         - Undefined Weak Reference
    _get_lc_collate                           - Undefined Weak Reference
    _get_lc_monetary                          - Undefined Weak Reference
    _get_lc_time                              - Undefined Weak Reference
    _getenv_init                              - Undefined Weak Reference
    _handle_redirection                       - Undefined Weak Reference
    _initio                                   - Undefined Weak Reference
    _mutex_acquire                            - Undefined Weak Reference
    _mutex_free                               - Undefined Weak Reference
    _mutex_release                            - Undefined Weak Reference
    _printf_fp_hex                            - Undefined Weak Reference
    _printf_mbtowc                            - Undefined Weak Reference
    _printf_wc                                - Undefined Weak Reference
    _rand_init                                - Undefined Weak Reference
    _signal_finish                            - Undefined Weak Reference
    _signal_init                              - Undefined Weak Reference
    _terminateio                              - Undefined Weak Reference
    __Vectors_Size                           0x000000ec   Number         0  startup_stm32f10x_md.o ABSOLUTE
    __Vectors                                0x08000000   Data           4  startup_stm32f10x_md.o(RESET)
    __Vectors_End                            0x080000ec   Data           0  startup_stm32f10x_md.o(RESET)
    __main                                   0x080000ed   Thumb Code     8  __main.o(!!!main)
    __scatterload                            0x080000f5   Thumb Code     0  __scatter.o(!!!scatter)
    __scatterload_rt2                        0x080000f5   Thumb Code    44  __scatter.o(!!!scatter)
    __scatterload_rt2_thumb_only             0x080000f5   Thumb Code     0  __scatter.o(!!!scatter)
    __scatterload_null                       0x08000103   Thumb Code     0  __scatter.o(!!!scatter)
    __scatterload_copy                       0x08000129   Thumb Code    26  __scatter_copy.o(!!handler_copy)
    __scatterload_zeroinit                   0x08000145   Thumb Code    28  __scatter_zi.o(!!handler_zi)
    _printf_n                                0x08000161   Thumb Code     0  _printf_n.o(.ARM.Collect$$_printf_percent$$00000001)
    _printf_percent                          0x08000161   Thumb Code     0  _printf_percent.o(.ARM.Collect$$_printf_percent$$00000000)
    _printf_p                                0x08000167   Thumb Code     0  _printf_p.o(.ARM.Collect$$_printf_percent$$00000002)
    _printf_f                                0x0800016d   Thumb Code     0  _printf_f.o(.ARM.Collect$$_printf_percent$$00000003)
    _printf_e                                0x08000173   Thumb Code     0  _printf_e.o(.ARM.Collect$$_printf_percent$$00000004)
    _printf_g                                0x08000179   Thumb Code     0  _printf_g.o(.ARM.Collect$$_printf_percent$$00000005)
    _printf_a                                0x0800017f   Thumb Code     0  _printf_a.o(.ARM.Collect$$_printf_percent$$00000006)
    _printf_ll                               0x08000185   Thumb Code     0  _printf_ll.o(.ARM.Collect$$_printf_percent$$00000007)
    _printf_i                                0x0800018f   Thumb Code     0  _printf_i.o(.ARM.Collect$$_printf_percent$$00000008)
    _printf_d                                0x08000195   Thumb Code     0  _printf_d.o(.ARM.Collect$$_printf_percent$$00000009)
    _printf_u                                0x0800019b   Thumb Code     0  _printf_u.o(.ARM.Collect$$_printf_percent$$0000000A)
    _printf_o                                0x080001a1   Thumb Code     0  _printf_o.o(.ARM.Collect$$_printf_percent$$0000000B)
    _printf_x                                0x080001a7   Thumb Code     0  _printf_x.o(.ARM.Collect$$_printf_percent$$0000000C)
    _printf_lli                              0x080001ad   Thumb Code     0  _printf_lli.o(.ARM.Collect$$_printf_percent$$0000000D)
    _printf_lld                              0x080001b3   Thumb Code     0  _printf_lld.o(.ARM.Collect$$_printf_percent$$0000000E)
    _printf_llu                              0x080001b9   Thumb Code     0  _printf_llu.o(.ARM.Collect$$_printf_percent$$0000000F)
    _printf_llo                              0x080001bf   Thumb Code     0  _printf_llo.o(.ARM.Collect$$_printf_percent$$00000010)
    _printf_llx                              0x080001c5   Thumb Code     0  _printf_llx.o(.ARM.Collect$$_printf_percent$$00000011)
    _printf_l                                0x080001cb   Thumb Code     0  _printf_l.o(.ARM.Collect$$_printf_percent$$00000012)
    _printf_c                                0x080001d5   Thumb Code     0  _printf_c.o(.ARM.Collect$$_printf_percent$$00000013)
    _printf_s                                0x080001db   Thumb Code     0  _printf_s.o(.ARM.Collect$$_printf_percent$$00000014)
    _printf_lc                               0x080001e1   Thumb Code     0  _printf_lc.o(.ARM.Collect$$_printf_percent$$00000015)
    _printf_ls                               0x080001e7   Thumb Code     0  _printf_ls.o(.ARM.Collect$$_printf_percent$$00000016)
    _printf_percent_end                      0x080001ed   Thumb Code     0  _printf_percent_end.o(.ARM.Collect$$_printf_percent$$00000017)
    __rt_lib_init                            0x080001f1   Thumb Code     0  libinit.o(.ARM.Collect$$libinit$$00000000)
    __rt_lib_init_fp_1                       0x080001f3   Thumb Code     0  libinit2.o(.ARM.Collect$$libinit$$00000002)
    __rt_lib_init_heap_2                     0x080001f3   Thumb Code     0  libinit2.o(.ARM.Collect$$libinit$$00000005)
    __rt_lib_init_preinit_1                  0x080001f3   Thumb Code     0  libinit2.o(.ARM.Collect$$libinit$$00000004)
    __rt_lib_init_heap_1                     0x080001fb   Thumb Code     0  libinit2.o(.ARM.Collect$$libinit$$0000000A)
    __rt_lib_init_lc_common                  0x080001fb   Thumb Code     0  libinit2.o(.ARM.Collect$$libinit$$0000000F)
    __rt_lib_init_rand_1                     0x080001fb   Thumb Code     0  libinit2.o(.ARM.Collect$$libinit$$0000000E)
    __rt_lib_init_user_alloc_1               0x080001fb   Thumb Code     0  libinit2.o(.ARM.Collect$$libinit$$0000000C)
    __rt_lib_init_lc_collate_1               0x08000201   Thumb Code     0  libinit2.o(.ARM.Collect$$libinit$$00000011)
    __rt_lib_init_lc_ctype_2                 0x08000201   Thumb Code     0  libinit2.o(.ARM.Collect$$libinit$$00000012)
    __rt_lib_init_lc_ctype_1                 0x0800020d   Thumb Code     0  libinit2.o(.ARM.Collect$$libinit$$00000013)
    __rt_lib_init_lc_monetary_1              0x0800020d   Thumb Code     0  libinit2.o(.ARM.Collect$$libinit$$00000015)
    __rt_lib_init_lc_numeric_2               0x0800020d   Thumb Code     0  libinit2.o(.ARM.Collect$$libinit$$00000016)
    __rt_lib_init_alloca_1                   0x08000217   Thumb Code     0  libinit2.o(.ARM.Collect$$libinit$$0000002E)
    __rt_lib_init_argv_1                     0x08000217   Thumb Code     0  libinit2.o(.ARM.Collect$$libinit$$0000002C)
    __rt_lib_init_atexit_1                   0x08000217   Thumb Code     0  libinit2.o(.ARM.Collect$$libinit$$0000001B)
    __rt_lib_init_clock_1                    0x08000217   Thumb Code     0  libinit2.o(.ARM.Collect$$libinit$$00000021)
    __rt_lib_init_cpp_1                      0x08000217   Thumb Code     0  libinit2.o(.ARM.Collect$$libinit$$00000032)
    __rt_lib_init_exceptions_1               0x08000217   Thumb Code     0  libinit2.o(.ARM.Collect$$libinit$$00000030)
    __rt_lib_init_fp_trap_1                  0x08000217   Thumb Code     0  libinit2.o(.ARM.Collect$$libinit$$0000001F)
    __rt_lib_init_getenv_1                   0x08000217   Thumb Code     0  libinit2.o(.ARM.Collect$$libinit$$00000023)
    __rt_lib_init_lc_numeric_1               0x08000217   Thumb Code     0  libinit2.o(.ARM.Collect$$libinit$$00000017)
    __rt_lib_init_lc_time_1                  0x08000217   Thumb Code     0  libinit2.o(.ARM.Collect$$libinit$$00000019)
    __rt_lib_init_return                     0x08000217   Thumb Code     0  libinit2.o(.ARM.Collect$$libinit$$00000033)
    __rt_lib_init_signal_1                   0x08000217   Thumb Code     0  libinit2.o(.ARM.Collect$$libinit$$0000001D)
    __rt_lib_init_stdio_1                    0x08000217   Thumb Code     0  libinit2.o(.ARM.Collect$$libinit$$00000025)
    __rt_lib_shutdown                        0x08000219   Thumb Code     0  libshutdown.o(.ARM.Collect$$libshutdown$$00000000)
    __rt_lib_shutdown_cpp_1                  0x0800021b   Thumb Code     0  libshutdown2.o(.ARM.Collect$$libshutdown$$00000002)
    __rt_lib_shutdown_fp_trap_1              0x0800021b   Thumb Code     0  libshutdown2.o(.ARM.Collect$$libshutdown$$00000007)
    __rt_lib_shutdown_heap_1                 0x0800021b   Thumb Code     0  libshutdown2.o(.ARM.Collect$$libshutdown$$0000000F)
    __rt_lib_shutdown_return                 0x0800021b   Thumb Code     0  libshutdown2.o(.ARM.Collect$$libshutdown$$00000010)
    __rt_lib_shutdown_signal_1               0x0800021b   Thumb Code     0  libshutdown2.o(.ARM.Collect$$libshutdown$$0000000A)
    __rt_lib_shutdown_stdio_1                0x0800021b   Thumb Code     0  libshutdown2.o(.ARM.Collect$$libshutdown$$00000004)
    __rt_lib_shutdown_user_alloc_1           0x0800021b   Thumb Code     0  libshutdown2.o(.ARM.Collect$$libshutdown$$0000000C)
    __rt_entry                               0x0800021d   Thumb Code     0  __rtentry.o(.ARM.Collect$$rtentry$$00000000)
    __rt_entry_presh_1                       0x0800021d   Thumb Code     0  __rtentry2.o(.ARM.Collect$$rtentry$$00000002)
    __rt_entry_sh                            0x0800021d   Thumb Code     0  __rtentry4.o(.ARM.Collect$$rtentry$$00000004)
    __rt_entry_li                            0x08000223   Thumb Code     0  __rtentry2.o(.ARM.Collect$$rtentry$$0000000A)
    __rt_entry_postsh_1                      0x08000223   Thumb Code     0  __rtentry2.o(.ARM.Collect$$rtentry$$00000009)
    __rt_entry_main                          0x08000227   Thumb Code     0  __rtentry2.o(.ARM.Collect$$rtentry$$0000000D)
    __rt_entry_postli_1                      0x08000227   Thumb Code     0  __rtentry2.o(.ARM.Collect$$rtentry$$0000000C)
    __rt_exit                                0x0800022f   Thumb Code     0  rtexit.o(.ARM.Collect$$rtexit$$00000000)
    __rt_exit_ls                             0x08000231   Thumb Code     0  rtexit2.o(.ARM.Collect$$rtexit$$00000003)
    __rt_exit_prels_1                        0x08000231   Thumb Code     0  rtexit2.o(.ARM.Collect$$rtexit$$00000002)
    __rt_exit_exit                           0x08000235   Thumb Code     0  rtexit2.o(.ARM.Collect$$rtexit$$00000004)
    Reset_Handler                            0x0800023d   Thumb Code     8  startup_stm32f10x_md.o(.text)
    _maybe_terminate_alloc                   0x0800023d   Thumb Code     0  maybetermalloc1.o(.emb_text)
    ADC1_2_IRQHandler                        0x08000257   Thumb Code     0  startup_stm32f10x_md.o(.text)
    CAN1_RX1_IRQHandler                      0x08000257   Thumb Code     0  startup_stm32f10x_md.o(.text)
    CAN1_SCE_IRQHandler                      0x08000257   Thumb Code     0  startup_stm32f10x_md.o(.text)
    DMA1_Channel1_IRQHandler                 0x08000257   Thumb Code     0  startup_stm32f10x_md.o(.text)
    DMA1_Channel2_IRQHandler                 0x08000257   Thumb Code     0  startup_stm32f10x_md.o(.text)
    DMA1_Channel3_IRQHandler                 0x08000257   Thumb Code     0  startup_stm32f10x_md.o(.text)
    DMA1_Channel4_IRQHandler                 0x08000257   Thumb Code     0  startup_stm32f10x_md.o(.text)
    DMA1_Channel5_IRQHandler                 0x08000257   Thumb Code     0  startup_stm32f10x_md.o(.text)
    DMA1_Channel6_IRQHandler                 0x08000257   Thumb Code     0  startup_stm32f10x_md.o(.text)
    DMA1_Channel7_IRQHandler                 0x08000257   Thumb Code     0  startup_stm32f10x_md.o(.text)
    EXTI0_IRQHandler                         0x08000257   Thumb Code     0  startup_stm32f10x_md.o(.text)
    EXTI15_10_IRQHandler                     0x08000257   Thumb Code     0  startup_stm32f10x_md.o(.text)
    EXTI1_IRQHandler                         0x08000257   Thumb Code     0  startup_stm32f10x_md.o(.text)
    EXTI2_IRQHandler                         0x08000257   Thumb Code     0  startup_stm32f10x_md.o(.text)
    EXTI3_IRQHandler                         0x08000257   Thumb Code     0  startup_stm32f10x_md.o(.text)
    EXTI4_IRQHandler                         0x08000257   Thumb Code     0  startup_stm32f10x_md.o(.text)
    EXTI9_5_IRQHandler                       0x08000257   Thumb Code     0  startup_stm32f10x_md.o(.text)
    FLASH_IRQHandler                         0x08000257   Thumb Code     0  startup_stm32f10x_md.o(.text)
    I2C1_ER_IRQHandler                       0x08000257   Thumb Code     0  startup_stm32f10x_md.o(.text)
    I2C1_EV_IRQHandler                       0x08000257   Thumb Code     0  startup_stm32f10x_md.o(.text)
    I2C2_ER_IRQHandler                       0x08000257   Thumb Code     0  startup_stm32f10x_md.o(.text)
    I2C2_EV_IRQHandler                       0x08000257   Thumb Code     0  startup_stm32f10x_md.o(.text)
    PVD_IRQHandler                           0x08000257   Thumb Code     0  startup_stm32f10x_md.o(.text)
    RCC_IRQHandler                           0x08000257   Thumb Code     0  startup_stm32f10x_md.o(.text)
    RTCAlarm_IRQHandler                      0x08000257   Thumb Code     0  startup_stm32f10x_md.o(.text)
    RTC_IRQHandler                           0x08000257   Thumb Code     0  startup_stm32f10x_md.o(.text)
    SPI1_IRQHandler                          0x08000257   Thumb Code     0  startup_stm32f10x_md.o(.text)
    SPI2_IRQHandler                          0x08000257   Thumb Code     0  startup_stm32f10x_md.o(.text)
    TAMPER_IRQHandler                        0x08000257   Thumb Code     0  startup_stm32f10x_md.o(.text)
    TIM1_BRK_IRQHandler                      0x08000257   Thumb Code     0  startup_stm32f10x_md.o(.text)
    TIM1_CC_IRQHandler                       0x08000257   Thumb Code     0  startup_stm32f10x_md.o(.text)
    TIM1_TRG_COM_IRQHandler                  0x08000257   Thumb Code     0  startup_stm32f10x_md.o(.text)
    TIM1_UP_IRQHandler                       0x08000257   Thumb Code     0  startup_stm32f10x_md.o(.text)
    TIM2_IRQHandler                          0x08000257   Thumb Code     0  startup_stm32f10x_md.o(.text)
    TIM3_IRQHandler                          0x08000257   Thumb Code     0  startup_stm32f10x_md.o(.text)
    TIM4_IRQHandler                          0x08000257   Thumb Code     0  startup_stm32f10x_md.o(.text)
    USBWakeUp_IRQHandler                     0x08000257   Thumb Code     0  startup_stm32f10x_md.o(.text)
    USB_HP_CAN1_TX_IRQHandler                0x08000257   Thumb Code     0  startup_stm32f10x_md.o(.text)
    USB_LP_CAN1_RX0_IRQHandler               0x08000257   Thumb Code     0  startup_stm32f10x_md.o(.text)
    WWDG_IRQHandler                          0x08000257   Thumb Code     0  startup_stm32f10x_md.o(.text)
    __user_initial_stackheap                 0x08000259   Thumb Code     0  startup_stm32f10x_md.o(.text)
    malloc                                   0x0800027d   Thumb Code    94  h1_alloc.o(.text)
    free                                     0x080002db   Thumb Code    78  h1_free.o(.text)
    __c89vsnprintf                           0x08000329   Thumb Code    48  c89vsnprintf.o(.text)
    __2sprintf                               0x0800035d   Thumb Code    38  __2sprintf.o(.text)
    _printf_str                              0x08000389   Thumb Code    82  _printf_str.o(.text)
    _printf_int_dec                          0x080003dd   Thumb Code   104  _printf_dec.o(.text)
    __printf                                 0x08000455   Thumb Code   388  __printf_flags_ss_wp.o(.text)
    atoi                                     0x080005dd   Thumb Code    26  atoi.o(.text)
    strchr                                   0x080005f7   Thumb Code    20  strchr.o(.text)
    strncat                                  0x0800060b   Thumb Code    36  strncat.o(.text)
    strstr                                   0x0800062f   Thumb Code    36  strstr.o(.text)
    strlen                                   0x08000653   Thumb Code    62  strlen.o(.text)
    strcat                                   0x08000691   Thumb Code    24  strcat.o(.text)
    __aeabi_memcpy                           0x080006a9   Thumb Code     0  rt_memcpy_v6.o(.text)
    __rt_memcpy                              0x080006a9   Thumb Code   138  rt_memcpy_v6.o(.text)
    _memcpy_lastbytes                        0x0800070f   Thumb Code     0  rt_memcpy_v6.o(.text)
    __aeabi_memclr                           0x08000733   Thumb Code     0  rt_memclr.o(.text)
    __rt_memclr                              0x08000733   Thumb Code    68  rt_memclr.o(.text)
    _memset                                  0x08000737   Thumb Code     0  rt_memclr.o(.text)
    __aeabi_memclr4                          0x08000777   Thumb Code     0  rt_memclr_w.o(.text)
    __aeabi_memclr8                          0x08000777   Thumb Code     0  rt_memclr_w.o(.text)
    __rt_memclr_w                            0x08000777   Thumb Code    78  rt_memclr_w.o(.text)
    _memset_w                                0x0800077b   Thumb Code     0  rt_memclr_w.o(.text)
    __use_two_region_memory                  0x080007c5   Thumb Code     2  heapauxi.o(.text)
    __rt_heap_escrow                         0x080007c7   Thumb Code     2  heapauxi.o(.text)
    __rt_heap_expand                         0x080007c9   Thumb Code     2  heapauxi.o(.text)
    __rt_heap_descriptor                     0x080007cd   Thumb Code     8  rt_heap_descriptor_intlibspace.o(.text)
    __aeabi_errno_addr                       0x080007d5   Thumb Code     8  rt_errno_addr_intlibspace.o(.text)
    __errno$intlibspace                      0x080007d5   Thumb Code     0  rt_errno_addr_intlibspace.o(.text)
    __rt_errno_addr$intlibspace              0x080007d5   Thumb Code     0  rt_errno_addr_intlibspace.o(.text)
    __use_no_heap                            0x080007dd   Thumb Code     2  hguard.o(.text)
    __heap$guard                             0x080007df   Thumb Code     2  hguard.o(.text)
    _terminate_user_alloc                    0x080007e1   Thumb Code     2  init_alloc.o(.text)
    _init_user_alloc                         0x080007e3   Thumb Code     2  init_alloc.o(.text)
    __Heap_Full                              0x080007e5   Thumb Code    34  init_alloc.o(.text)
    __Heap_Broken                            0x08000807   Thumb Code     6  init_alloc.o(.text)
    _init_alloc                              0x0800080d   Thumb Code    94  init_alloc.o(.text)
    __Heap_Initialize                        0x0800086b   Thumb Code    10  h1_init.o(.text)
    __Heap_DescSize                          0x08000875   Thumb Code     4  h1_init.o(.text)
    _printf_pre_padding                      0x08000879   Thumb Code    44  _printf_pad.o(.text)
    _printf_post_padding                     0x080008a5   Thumb Code    34  _printf_pad.o(.text)
    _printf_truncate_signed                  0x080008c7   Thumb Code    18  _printf_truncate.o(.text)
    _printf_truncate_unsigned                0x080008d9   Thumb Code    18  _printf_truncate.o(.text)
    _printf_int_common                       0x080008eb   Thumb Code   178  _printf_intcommon.o(.text)
    _printf_charcount                        0x0800099d   Thumb Code    40  _printf_charcount.o(.text)
    _printf_char_common                      0x080009cf   Thumb Code    32  _printf_char_common.o(.text)
    _sputc                                   0x080009f5   Thumb Code    10  _sputc.o(.text)
    _snputc                                  0x080009ff   Thumb Code    16  _snputc.o(.text)
    _printf_cs_common                        0x08000a0f   Thumb Code    20  _printf_char.o(.text)
    _printf_char                             0x08000a23   Thumb Code    16  _printf_char.o(.text)
    _printf_string                           0x08000a33   Thumb Code     8  _printf_char.o(.text)
    _printf_wctomb                           0x08000a3d   Thumb Code   182  _printf_wctomb.o(.text)
    _printf_longlong_dec                     0x08000af9   Thumb Code   108  _printf_longlong_dec.o(.text)
    _printf_longlong_oct                     0x08000b75   Thumb Code    68  _printf_oct_int_ll.o(.text)
    _printf_int_oct                          0x08000bb9   Thumb Code    24  _printf_oct_int_ll.o(.text)
    _printf_ll_oct                           0x08000bd1   Thumb Code    12  _printf_oct_int_ll.o(.text)
    _printf_longlong_hex                     0x08000be5   Thumb Code    86  _printf_hex_int_ll_ptr.o(.text)
    _printf_int_hex                          0x08000c3b   Thumb Code    28  _printf_hex_int_ll_ptr.o(.text)
    _printf_ll_hex                           0x08000c57   Thumb Code    12  _printf_hex_int_ll_ptr.o(.text)
    _printf_hex_ptr                          0x08000c63   Thumb Code    18  _printf_hex_int_ll_ptr.o(.text)
    strtol                                   0x08000c79   Thumb Code   112  strtol.o(.text)
    __aeabi_memcpy4                          0x08000ce9   Thumb Code     0  rt_memcpy_w.o(.text)
    __aeabi_memcpy8                          0x08000ce9   Thumb Code     0  rt_memcpy_w.o(.text)
    __rt_memcpy_w                            0x08000ce9   Thumb Code   100  rt_memcpy_w.o(.text)
    _memcpy_lastbytes_aligned                0x08000d31   Thumb Code     0  rt_memcpy_w.o(.text)
    __user_libspace                          0x08000d4d   Thumb Code     8  libspace.o(.text)
    __user_perproc_libspace                  0x08000d4d   Thumb Code     0  libspace.o(.text)
    __user_perthread_libspace                0x08000d4d   Thumb Code     0  libspace.o(.text)
    __rt_ctype_table                         0x08000d55   Thumb Code    16  rt_ctype_table.o(.text)
    __Heap_ProvideMemory                     0x08000d65   Thumb Code    52  h1_extend.o(.text)
    _ll_udiv10                               0x08000d99   Thumb Code   138  lludiv10.o(.text)
    __lib_sel_fp_printf                      0x08000e23   Thumb Code     2  _printf_fp_dec.o(.text)
    _printf_fp_dec_real                      0x08000fd1   Thumb Code   620  _printf_fp_dec.o(.text)
    _printf_lcs_common                       0x0800123d   Thumb Code    20  _printf_wchar.o(.text)
    _printf_wchar                            0x08001251   Thumb Code    16  _printf_wchar.o(.text)
    _printf_wstring                          0x08001261   Thumb Code     8  _printf_wchar.o(.text)
    _strtoul                                 0x08001269   Thumb Code   158  _strtoul.o(.text)
    _wcrtomb                                 0x08001307   Thumb Code    64  _wcrtomb.o(.text)
    __rt_SIGRTMEM                            0x08001347   Thumb Code    14  defsig_rtmem_outer.o(.text)
    __I$use$semihosting                      0x08001355   Thumb Code     0  use_no_semi.o(.text)
    __use_no_semihosting_swi                 0x08001355   Thumb Code     2  use_no_semi.o(.text)
    __semihosting_library_function           0x08001357   Thumb Code     0  indicate_semi.o(.text)
    __user_setup_stackheap                   0x08001357   Thumb Code    74  sys_stackheap_outer.o(.text)
    __rt_locale                              0x080013a1   Thumb Code     8  rt_locale_intlibspace.o(.text)
    _printf_fp_infnan                        0x080013a9   Thumb Code   112  _printf_fp_infnan.o(.text)
    _chval                                   0x08001429   Thumb Code    28  _chval.o(.text)
    _btod_etento                             0x08001445   Thumb Code   216  bigflt0.o(.text)
    exit                                     0x08001521   Thumb Code    18  exit.o(.text)
    __sig_exit                               0x08001533   Thumb Code    10  defsig_exit.o(.text)
    __rt_SIGRTMEM_inner                      0x0800153d   Thumb Code    22  defsig_rtmem_inner.o(.text)
    _sys_exit                                0x0800158d   Thumb Code     8  sys_exit.o(.text)
    __default_signal_display                 0x08001599   Thumb Code    50  defsig_general.o(.text)
    strcmp                                   0x080015cd   Thumb Code   128  strcmpv7m.o(.text)
    _ttywrch                                 0x0800164d   Thumb Code    14  sys_wrch.o(.text)
    _btod_d2e                                0x0800165b   Thumb Code    62  btod.o(CL$$btod_d2e)
    _d2e_denorm_low                          0x08001699   Thumb Code    70  btod.o(CL$$btod_d2e_denorm_low)
    _d2e_norm_op1                            0x080016df   Thumb Code    96  btod.o(CL$$btod_d2e_norm_op1)
    __btod_div_common                        0x0800173f   Thumb Code   696  btod.o(CL$$btod_div_common)
    _e2e                                     0x08001a77   Thumb Code   198  btod.o(CL$$btod_e2e)
    _btod_ediv                               0x08001b3d   Thumb Code    40  btod.o(CL$$btod_ediv)
    _btod_emul                               0x08001b65   Thumb Code    40  btod.o(CL$$btod_emul)
    __btod_mult_common                       0x08001b8d   Thumb Code   580  btod.o(CL$$btod_mult_common)
    ADC_ClearFlag                            0x08001dd1   Thumb Code     6  stm32f10x_adc.o(i.ADC_ClearFlag)
    ADC_Cmd                                  0x08001dd7   Thumb Code    22  stm32f10x_adc.o(i.ADC_Cmd)
    ADC_GetCalibrationStatus                 0x08001ded   Thumb Code    20  stm32f10x_adc.o(i.ADC_GetCalibrationStatus)
    ADC_GetConversionValue                   0x08001e01   Thumb Code     8  stm32f10x_adc.o(i.ADC_GetConversionValue)
    ADC_GetFlagStatus                        0x08001e09   Thumb Code    18  stm32f10x_adc.o(i.ADC_GetFlagStatus)
    ADC_GetResetCalibrationStatus            0x08001e1b   Thumb Code    20  stm32f10x_adc.o(i.ADC_GetResetCalibrationStatus)
    ADC_Init                                 0x08001e31   Thumb Code    70  stm32f10x_adc.o(i.ADC_Init)
    ADC_RegularChannelConfig                 0x08001e81   Thumb Code   184  stm32f10x_adc.o(i.ADC_RegularChannelConfig)
    ADC_ResetCalibration                     0x08001f39   Thumb Code    10  stm32f10x_adc.o(i.ADC_ResetCalibration)
    ADC_SoftwareStartConvCmd                 0x08001f43   Thumb Code    22  stm32f10x_adc.o(i.ADC_SoftwareStartConvCmd)
    ADC_StartCalibration                     0x08001f59   Thumb Code    10  stm32f10x_adc.o(i.ADC_StartCalibration)
    BEEP_Init                                0x08001f65   Thumb Code    66  beep.o(i.BEEP_Init)
    BusFault_Handler                         0x08001fb1   Thumb Code     4  stm32f10x_it.o(i.BusFault_Handler)
    DHT11_Check                              0x08001fb5   Thumb Code    92  dht11.o(i.DHT11_Check)
    DHT11_Init                               0x08002019   Thumb Code    54  dht11.o(i.DHT11_Init)
    DHT11_Read_Bit                           0x08002055   Thumb Code    70  dht11.o(i.DHT11_Read_Bit)
    DHT11_Read_Byte                          0x080020a1   Thumb Code    30  dht11.o(i.DHT11_Read_Byte)
    DHT11_Read_Data                          0x080020bf   Thumb Code   110  dht11.o(i.DHT11_Read_Data)
    DHT11_Rst                                0x0800212d   Thumb Code    52  dht11.o(i.DHT11_Rst)
    DebugMon_Handler                         0x0800216d   Thumb Code     2  stm32f10x_it.o(i.DebugMon_Handler)
    ESP8266_Clear                            0x08002171   Thumb Code    18  esp8266.o(i.ESP8266_Clear)
    ESP8266_GetIPD                           0x0800218d   Thumb Code    68  esp8266.o(i.ESP8266_GetIPD)
    ESP8266_Init                             0x080021dd   Thumb Code   234  esp8266.o(i.ESP8266_Init)
    ESP8266_SendCmd                          0x080023b5   Thumb Code    76  esp8266.o(i.ESP8266_SendCmd)
    ESP8266_SendData                         0x08002409   Thumb Code    46  esp8266.o(i.ESP8266_SendData)
    ESP8266_WaitRecive                       0x08002451   Thumb Code    42  esp8266.o(i.ESP8266_WaitRecive)
    GPIO_Init                                0x08002485   Thumb Code   278  stm32f10x_gpio.o(i.GPIO_Init)
    GPIO_PinRemapConfig                      0x0800259d   Thumb Code   138  stm32f10x_gpio.o(i.GPIO_PinRemapConfig)
    GPIO_ReadInputDataBit                    0x0800262d   Thumb Code    18  stm32f10x_gpio.o(i.GPIO_ReadInputDataBit)
    GPIO_ResetBits                           0x0800263f   Thumb Code     4  stm32f10x_gpio.o(i.GPIO_ResetBits)
    GPIO_SetBits                             0x08002643   Thumb Code     4  stm32f10x_gpio.o(i.GPIO_SetBits)
    GPIO_WriteBit                            0x08002647   Thumb Code    10  stm32f10x_gpio.o(i.GPIO_WriteBit)
    GY302_Init                               0x08002651   Thumb Code    38  gy302.o(i.GY302_Init)
    GY302_RecvACK                            0x0800267d   Thumb Code    54  gy302.o(i.GY302_RecvACK)
    GY302_RecvByte                           0x080026b3   Thumb Code    78  gy302.o(i.GY302_RecvByte)
    GY302_SendACK                            0x08002701   Thumb Code    60  gy302.o(i.GY302_SendACK)
    GY302_SendByte                           0x0800273d   Thumb Code    70  gy302.o(i.GY302_SendByte)
    GY302_Start                              0x08002783   Thumb Code    40  gy302.o(i.GY302_Start)
    GY302_Stop                               0x080027ab   Thumb Code    34  gy302.o(i.GY302_Stop)
    GetadcValue                              0x080027cd   Thumb Code    66  mq-2.o(i.GetadcValue)
    HardFault_Handler                        0x08002815   Thumb Code     4  stm32f10x_it.o(i.HardFault_Handler)
    LED_Init                                 0x08002819   Thumb Code    46  led.o(i.LED_Init)
    MQ2_Init                                 0x0800284d   Thumb Code   132  mq-2.o(i.MQ2_Init)
    MQTT_DeleteBuffer                        0x080028d9   Thumb Code    28  mqttkit.o(i.MQTT_DeleteBuffer)
    MQTT_DumpLength                          0x080028f5   Thumb Code    46  mqttkit.o(i.MQTT_DumpLength)
    MQTT_NewBuffer                           0x08002923   Thumb Code    88  mqttkit.o(i.MQTT_NewBuffer)
    MQTT_PacketCmdResp                       0x0800297d   Thumb Code   132  mqttkit.o(i.MQTT_PacketCmdResp)
    MQTT_PacketConnect                       0x08002a09   Thumb Code   666  mqttkit.o(i.MQTT_PacketConnect)
    MQTT_PacketPublish                       0x08002ca9   Thumb Code   440  mqttkit.o(i.MQTT_PacketPublish)
    MQTT_PacketSaveData                      0x08002e61   Thumb Code    88  mqttkit.o(i.MQTT_PacketSaveData)
    MQTT_ReadLength                          0x08002ebd   Thumb Code    70  mqttkit.o(i.MQTT_ReadLength)
    MQTT_UnPacketCmd                         0x08002f03   Thumb Code   140  mqttkit.o(i.MQTT_UnPacketCmd)
    MQTT_UnPacketConnectAck                  0x08002f8f   Thumb Code    30  mqttkit.o(i.MQTT_UnPacketConnectAck)
    MQTT_UnPacketPublishAck                  0x08002fad   Thumb Code    30  mqttkit.o(i.MQTT_UnPacketPublishAck)
    MQTT_UnPacketRecv                        0x08002fcd   Thumb Code   106  mqttkit.o(i.MQTT_UnPacketRecv)
    MemManage_Handler                        0x08003041   Thumb Code     4  stm32f10x_it.o(i.MemManage_Handler)
    NMI_Handler                              0x08003045   Thumb Code     2  stm32f10x_it.o(i.NMI_Handler)
    NVIC_Init                                0x08003049   Thumb Code   100  misc.o(i.NVIC_Init)
    NVIC_PriorityGroupConfig                 0x080030b9   Thumb Code    10  misc.o(i.NVIC_PriorityGroupConfig)
    OLED_Clear                               0x080030cd   Thumb Code    64  oled.o(i.OLED_Clear)
    OLED_Init                                0x0800310d   Thumb Code   330  oled.o(i.OLED_Init)
    OLED_Set_Pos                             0x0800325d   Thumb Code    46  oled.o(i.OLED_Set_Pos)
    OLED_ShowChar                            0x0800328d   Thumb Code   106  oled.o(i.OLED_ShowChar)
    OLED_ShowNum                             0x080032fd   Thumb Code   132  oled.o(i.OLED_ShowNum)
    OLED_ShowString                          0x08003381   Thumb Code    54  oled.o(i.OLED_ShowString)
    OLED_WR_Byte                             0x080033b9   Thumb Code   118  oled.o(i.OLED_WR_Byte)
    OneNet_DevLink                           0x08003435   Thumb Code   212  onenet.o(i.OneNet_DevLink)
    OneNet_FillBuf                           0x0800365d   Thumb Code   288  onenet.o(i.OneNet_FillBuf)
    OneNet_RevPro                            0x08003831   Thumb Code   308  onenet.o(i.OneNet_RevPro)
    OneNet_SendData                          0x08003a05   Thumb Code   128  onenet.o(i.OneNet_SendData)
    PendSV_Handler                           0x08003ae5   Thumb Code     2  stm32f10x_it.o(i.PendSV_Handler)
    RCC_APB1PeriphClockCmd                   0x08003ae9   Thumb Code    26  stm32f10x_rcc.o(i.RCC_APB1PeriphClockCmd)
    RCC_APB2PeriphClockCmd                   0x08003b09   Thumb Code    26  stm32f10x_rcc.o(i.RCC_APB2PeriphClockCmd)
    RCC_GetClocksFreq                        0x08003b29   Thumb Code   192  stm32f10x_rcc.o(i.RCC_GetClocksFreq)
    SCL_Output                               0x08003bfd   Thumb Code    26  gy302.o(i.SCL_Output)
    SDA_Input                                0x08003c1d   Thumb Code    12  gy302.o(i.SDA_Input)
    SDA_Input_Mode                           0x08003c2d   Thumb Code    30  gy302.o(i.SDA_Input_Mode)
    SDA_Output                               0x08003c51   Thumb Code    26  gy302.o(i.SDA_Output)
    SDA_Output_Mode                          0x08003c71   Thumb Code    30  gy302.o(i.SDA_Output_Mode)
    SVC_Handler                              0x08003c95   Thumb Code     2  stm32f10x_it.o(i.SVC_Handler)
    Single_Write_GY302                       0x08003d81   Thumb Code    26  gy302.o(i.Single_Write_GY302)
    SysTick_CLKSourceConfig                  0x08003d9b   Thumb Code    40  misc.o(i.SysTick_CLKSourceConfig)
    SysTick_Handler                          0x08003dc3   Thumb Code     2  stm32f10x_it.o(i.SysTick_Handler)
    SystemInit                               0x08003dc5   Thumb Code    78  system_stm32f10x.o(i.SystemInit)
    USART1_IRQHandler                        0x08003e25   Thumb Code   122  usart.o(i.USART1_IRQHandler)
    USART2_IRQHandler                        0x08003ead   Thumb Code   122  bt.o(i.USART2_IRQHandler)
    USART3_IRQHandler                        0x08003f35   Thumb Code    62  esp8266.o(i.USART3_IRQHandler)
    USART_ClearFlag                          0x08003f81   Thumb Code    18  stm32f10x_usart.o(i.USART_ClearFlag)
    USART_Cmd                                0x08003f93   Thumb Code    24  stm32f10x_usart.o(i.USART_Cmd)
    USART_GetFlagStatus                      0x08003fab   Thumb Code    26  stm32f10x_usart.o(i.USART_GetFlagStatus)
    USART_GetITStatus                        0x08003fc5   Thumb Code    84  stm32f10x_usart.o(i.USART_GetITStatus)
    USART_ITConfig                           0x08004019   Thumb Code    74  stm32f10x_usart.o(i.USART_ITConfig)
    USART_Init                               0x08004065   Thumb Code   210  stm32f10x_usart.o(i.USART_Init)
    USART_ReceiveData                        0x0800413d   Thumb Code    10  stm32f10x_usart.o(i.USART_ReceiveData)
    USART_SendData                           0x08004147   Thumb Code     8  stm32f10x_usart.o(i.USART_SendData)
    UsageFault_Handler                       0x0800414f   Thumb Code     4  stm32f10x_it.o(i.UsageFault_Handler)
    UsartPrintf                              0x08004153   Thumb Code    72  usart.o(i.UsartPrintf)
    Usart_SendString                         0x0800419b   Thumb Code    50  usart.o(i.Usart_SendString)
    __ARM_fpclassify                         0x080041cd   Thumb Code    40  fpclassify.o(i.__ARM_fpclassify)
    _is_digit                                0x080041f5   Thumb Code    14  __printf_wp.o(i._is_digit)
    delay_init                               0x08004205   Thumb Code    50  delay.o(i.delay_init)
    delay_ms                                 0x08004249   Thumb Code    72  delay.o(i.delay_ms)
    delay_us                                 0x08004295   Thumb Code    72  delay.o(i.delay_us)
    enviroment_check                         0x080042e1   Thumb Code    80  main.o(i.enviroment_check)
    main                                     0x08004359   Thumb Code   374  main.o(i.main)
    mread                                    0x08004549   Thumb Code    62  gy302.o(i.mread)
    oled_pow                                 0x0800458d   Thumb Code    22  oled.o(i.oled_pow)
    readGY302                                0x080045a5   Thumb Code    72  gy302.o(i.readGY302)
    readMQ2                                  0x080045f5   Thumb Code   162  mq-2.o(i.readMQ2)
    uart1_init                               0x080046a1   Thumb Code   152  usart.o(i.uart1_init)
    uart2_init                               0x08004741   Thumb Code   154  bt.o(i.uart2_init)
    uart3_init                               0x080047e5   Thumb Code   158  usart.o(i.uart3_init)
    uart_revpro                              0x0800488d   Thumb Code   268  main.o(i.uart_revpro)
    _get_lc_ctype                            0x08004a0d   Thumb Code    44  lc_ctype_c.o(locale$$code)
    _get_lc_numeric                          0x08004a39   Thumb Code    44  lc_numeric_c.o(locale$$code)
    __aeabi_ddiv                             0x08004a65   Thumb Code     0  ddiv.o(x$fpl$ddiv)
    _ddiv                                    0x08004a65   Thumb Code   552  ddiv.o(x$fpl$ddiv)
    __aeabi_d2uiz                            0x08004d15   Thumb Code     0  dfixu.o(x$fpl$dfixu)
    _dfixu                                   0x08004d15   Thumb Code    90  dfixu.o(x$fpl$dfixu)
    __aeabi_ui2d                             0x08004d6f   Thumb Code     0  dflt_clz.o(x$fpl$dfltu)
    _dfltu                                   0x08004d6f   Thumb Code    38  dflt_clz.o(x$fpl$dfltu)
    __aeabi_dmul                             0x08004d95   Thumb Code     0  dmul.o(x$fpl$dmul)
    _dmul                                    0x08004d95   Thumb Code   332  dmul.o(x$fpl$dmul)
    __fpl_dnaninf                            0x08004ee9   Thumb Code   156  dnaninf.o(x$fpl$dnaninf)
    __fpl_dretinf                            0x08004f85   Thumb Code    12  dretinf.o(x$fpl$dretinf)
    _printf_fp_dec                           0x08004f91   Thumb Code     4  printf1.o(x$fpl$printf1)
    F6x8                                     0x08004f94   Data         552  oled.o(.constdata)
    __I$use$fp                               0x08004f94   Number         0  usenofp.o(x$fpl$usenofp)
    F8X16                                    0x080051bc   Data        1520  oled.o(.constdata)
    Region$$Table$$Base                      0x08005884   Number         0  anon$$obj.o(Region$$Table)
    Region$$Table$$Limit                     0x080058a4   Number         0  anon$$obj.o(Region$$Table)
    __ctype                                  0x080058b1   Data           0  lc_ctype_c.o(locale$$data)
    SystemCoreClock                          0x20000000   Data           4  system_stm32f10x.o(.data)
    AHBPrescTable                            0x20000004   Data          16  system_stm32f10x.o(.data)
    temperature_h                            0x20000028   Data           1  main.o(.data)
    temperature_l                            0x20000029   Data           1  main.o(.data)
    humidity_h                               0x2000002a   Data           1  main.o(.data)
    humidity_l                               0x2000002b   Data           1  main.o(.data)
    mq2data                                  0x2000002c   Data           2  main.o(.data)
    gy302data                                0x20000030   Data           4  main.o(.data)
    warn_temperature                         0x20000034   Data           1  main.o(.data)
    warn_humidity                            0x20000035   Data           1  main.o(.data)
    warn_smog                                0x20000036   Data           2  main.o(.data)
    warn_light                               0x20000038   Data           4  main.o(.data)
    USART_RX_STA                             0x20000040   Data           2  usart.o(.data)
    dataBUF                                  0x20000042   Data           3  gy302.o(.data)
    USART2_RX_STA                            0x20000046   Data           2  bt.o(.data)
    esp8266_cnt                              0x20000048   Data           2  esp8266.o(.data)
    esp8266_cntPre                           0x2000004a   Data           2  esp8266.o(.data)
    USART_RX_BUF                             0x2000004c   Data         200  usart.o(.bss)
    USART2_RX_BUF                            0x20000114   Data         200  bt.o(.bss)
    esp8266_buf                              0x200001dc   Data         128  esp8266.o(.bss)
    __libspace_start                         0x2000025c   Data          96  libspace.o(.bss)
    __temporary_stack_top$libspace           0x200002bc   Data           0  libspace.o(.bss)



==============================================================================

Memory Map of the image

  Image Entry point : 0x080000ed

  Load Region LR_IROM1 (Base: 0x08000000, Size: 0x00005a1c, Max: 0x00010000, ABSOLUTE)

    Execution Region ER_IROM1 (Base: 0x08000000, Size: 0x000059d0, Max: 0x00010000, ABSOLUTE)

    Base Addr    Size         Type   Attr      Idx    E Section Name        Object

    0x08000000   0x000000ec   Data   RO            3    RESET               startup_stm32f10x_md.o
    0x080000ec   0x00000008   Code   RO         4101  * !!!main             c_w.l(__main.o)
    0x080000f4   0x00000034   Code   RO         4463    !!!scatter          c_w.l(__scatter.o)
    0x08000128   0x0000001a   Code   RO         4465    !!handler_copy      c_w.l(__scatter_copy.o)
    0x08000142   0x00000002   PAD
    0x08000144   0x0000001c   Code   RO         4467    !!handler_zi        c_w.l(__scatter_zi.o)
    0x08000160   0x00000000   Code   RO         4080    .ARM.Collect$$_printf_percent$$00000000  c_w.l(_printf_percent.o)
    0x08000160   0x00000006   Code   RO         4201    .ARM.Collect$$_printf_percent$$00000001  c_w.l(_printf_n.o)
    0x08000166   0x00000006   Code   RO         4203    .ARM.Collect$$_printf_percent$$00000002  c_w.l(_printf_p.o)
    0x0800016c   0x00000006   Code   RO         4207    .ARM.Collect$$_printf_percent$$00000003  c_w.l(_printf_f.o)
    0x08000172   0x00000006   Code   RO         4208    .ARM.Collect$$_printf_percent$$00000004  c_w.l(_printf_e.o)
    0x08000178   0x00000006   Code   RO         4209    .ARM.Collect$$_printf_percent$$00000005  c_w.l(_printf_g.o)
    0x0800017e   0x00000006   Code   RO         4210    .ARM.Collect$$_printf_percent$$00000006  c_w.l(_printf_a.o)
    0x08000184   0x0000000a   Code   RO         4215    .ARM.Collect$$_printf_percent$$00000007  c_w.l(_printf_ll.o)
    0x0800018e   0x00000006   Code   RO         4205    .ARM.Collect$$_printf_percent$$00000008  c_w.l(_printf_i.o)
    0x08000194   0x00000006   Code   RO         4079    .ARM.Collect$$_printf_percent$$00000009  c_w.l(_printf_d.o)
    0x0800019a   0x00000006   Code   RO         4206    .ARM.Collect$$_printf_percent$$0000000A  c_w.l(_printf_u.o)
    0x080001a0   0x00000006   Code   RO         4204    .ARM.Collect$$_printf_percent$$0000000B  c_w.l(_printf_o.o)
    0x080001a6   0x00000006   Code   RO         4202    .ARM.Collect$$_printf_percent$$0000000C  c_w.l(_printf_x.o)
    0x080001ac   0x00000006   Code   RO         4212    .ARM.Collect$$_printf_percent$$0000000D  c_w.l(_printf_lli.o)
    0x080001b2   0x00000006   Code   RO         4213    .ARM.Collect$$_printf_percent$$0000000E  c_w.l(_printf_lld.o)
    0x080001b8   0x00000006   Code   RO         4214    .ARM.Collect$$_printf_percent$$0000000F  c_w.l(_printf_llu.o)
    0x080001be   0x00000006   Code   RO         4219    .ARM.Collect$$_printf_percent$$00000010  c_w.l(_printf_llo.o)
    0x080001c4   0x00000006   Code   RO         4220    .ARM.Collect$$_printf_percent$$00000011  c_w.l(_printf_llx.o)
    0x080001ca   0x0000000a   Code   RO         4216    .ARM.Collect$$_printf_percent$$00000012  c_w.l(_printf_l.o)
    0x080001d4   0x00000006   Code   RO         4200    .ARM.Collect$$_printf_percent$$00000013  c_w.l(_printf_c.o)
    0x080001da   0x00000006   Code   RO         4078    .ARM.Collect$$_printf_percent$$00000014  c_w.l(_printf_s.o)
    0x080001e0   0x00000006   Code   RO         4217    .ARM.Collect$$_printf_percent$$00000015  c_w.l(_printf_lc.o)
    0x080001e6   0x00000006   Code   RO         4218    .ARM.Collect$$_printf_percent$$00000016  c_w.l(_printf_ls.o)
    0x080001ec   0x00000004   Code   RO         4211    .ARM.Collect$$_printf_percent$$00000017  c_w.l(_printf_percent_end.o)
    0x080001f0   0x00000002   Code   RO         4396    .ARM.Collect$$libinit$$00000000  c_w.l(libinit.o)
    0x080001f2   0x00000000   Code   RO         4228    .ARM.Collect$$libinit$$00000002  c_w.l(libinit2.o)
    0x080001f2   0x00000000   Code   RO         4230    .ARM.Collect$$libinit$$00000004  c_w.l(libinit2.o)
    0x080001f2   0x00000008   Code   RO         4231    .ARM.Collect$$libinit$$00000005  c_w.l(libinit2.o)
    0x080001fa   0x00000000   Code   RO         4233    .ARM.Collect$$libinit$$0000000A  c_w.l(libinit2.o)
    0x080001fa   0x00000000   Code   RO         4235    .ARM.Collect$$libinit$$0000000C  c_w.l(libinit2.o)
    0x080001fa   0x00000000   Code   RO         4237    .ARM.Collect$$libinit$$0000000E  c_w.l(libinit2.o)
    0x080001fa   0x00000006   Code   RO         4238    .ARM.Collect$$libinit$$0000000F  c_w.l(libinit2.o)
    0x08000200   0x00000000   Code   RO         4240    .ARM.Collect$$libinit$$00000011  c_w.l(libinit2.o)
    0x08000200   0x0000000c   Code   RO         4241    .ARM.Collect$$libinit$$00000012  c_w.l(libinit2.o)
    0x0800020c   0x00000000   Code   RO         4242    .ARM.Collect$$libinit$$00000013  c_w.l(libinit2.o)
    0x0800020c   0x00000000   Code   RO         4244    .ARM.Collect$$libinit$$00000015  c_w.l(libinit2.o)
    0x0800020c   0x0000000a   Code   RO         4245    .ARM.Collect$$libinit$$00000016  c_w.l(libinit2.o)
    0x08000216   0x00000000   Code   RO         4246    .ARM.Collect$$libinit$$00000017  c_w.l(libinit2.o)
    0x08000216   0x00000000   Code   RO         4248    .ARM.Collect$$libinit$$00000019  c_w.l(libinit2.o)
    0x08000216   0x00000000   Code   RO         4250    .ARM.Collect$$libinit$$0000001B  c_w.l(libinit2.o)
    0x08000216   0x00000000   Code   RO         4252    .ARM.Collect$$libinit$$0000001D  c_w.l(libinit2.o)
    0x08000216   0x00000000   Code   RO         4254    .ARM.Collect$$libinit$$0000001F  c_w.l(libinit2.o)
    0x08000216   0x00000000   Code   RO         4256    .ARM.Collect$$libinit$$00000021  c_w.l(libinit2.o)
    0x08000216   0x00000000   Code   RO         4258    .ARM.Collect$$libinit$$00000023  c_w.l(libinit2.o)
    0x08000216   0x00000000   Code   RO         4260    .ARM.Collect$$libinit$$00000025  c_w.l(libinit2.o)
    0x08000216   0x00000000   Code   RO         4264    .ARM.Collect$$libinit$$0000002C  c_w.l(libinit2.o)
    0x08000216   0x00000000   Code   RO         4266    .ARM.Collect$$libinit$$0000002E  c_w.l(libinit2.o)
    0x08000216   0x00000000   Code   RO         4268    .ARM.Collect$$libinit$$00000030  c_w.l(libinit2.o)
    0x08000216   0x00000000   Code   RO         4270    .ARM.Collect$$libinit$$00000032  c_w.l(libinit2.o)
    0x08000216   0x00000002   Code   RO         4271    .ARM.Collect$$libinit$$00000033  c_w.l(libinit2.o)
    0x08000218   0x00000002   Code   RO         4460    .ARM.Collect$$libshutdown$$00000000  c_w.l(libshutdown.o)
    0x0800021a   0x00000000   Code   RO         4416    .ARM.Collect$$libshutdown$$00000002  c_w.l(libshutdown2.o)
    0x0800021a   0x00000000   Code   RO         4418    .ARM.Collect$$libshutdown$$00000004  c_w.l(libshutdown2.o)
    0x0800021a   0x00000000   Code   RO         4421    .ARM.Collect$$libshutdown$$00000007  c_w.l(libshutdown2.o)
    0x0800021a   0x00000000   Code   RO         4424    .ARM.Collect$$libshutdown$$0000000A  c_w.l(libshutdown2.o)
    0x0800021a   0x00000000   Code   RO         4426    .ARM.Collect$$libshutdown$$0000000C  c_w.l(libshutdown2.o)
    0x0800021a   0x00000000   Code   RO         4429    .ARM.Collect$$libshutdown$$0000000F  c_w.l(libshutdown2.o)
    0x0800021a   0x00000002   Code   RO         4430    .ARM.Collect$$libshutdown$$00000010  c_w.l(libshutdown2.o)
    0x0800021c   0x00000000   Code   RO         4121    .ARM.Collect$$rtentry$$00000000  c_w.l(__rtentry.o)
    0x0800021c   0x00000000   Code   RO         4285    .ARM.Collect$$rtentry$$00000002  c_w.l(__rtentry2.o)
    0x0800021c   0x00000006   Code   RO         4297    .ARM.Collect$$rtentry$$00000004  c_w.l(__rtentry4.o)
    0x08000222   0x00000000   Code   RO         4287    .ARM.Collect$$rtentry$$00000009  c_w.l(__rtentry2.o)
    0x08000222   0x00000004   Code   RO         4288    .ARM.Collect$$rtentry$$0000000A  c_w.l(__rtentry2.o)
    0x08000226   0x00000000   Code   RO         4290    .ARM.Collect$$rtentry$$0000000C  c_w.l(__rtentry2.o)
    0x08000226   0x00000008   Code   RO         4291    .ARM.Collect$$rtentry$$0000000D  c_w.l(__rtentry2.o)
    0x0800022e   0x00000002   Code   RO         4403    .ARM.Collect$$rtexit$$00000000  c_w.l(rtexit.o)
    0x08000230   0x00000000   Code   RO         4434    .ARM.Collect$$rtexit$$00000002  c_w.l(rtexit2.o)
    0x08000230   0x00000004   Code   RO         4435    .ARM.Collect$$rtexit$$00000003  c_w.l(rtexit2.o)
    0x08000234   0x00000006   Code   RO         4436    .ARM.Collect$$rtexit$$00000004  c_w.l(rtexit2.o)
    0x0800023a   0x00000002   PAD
    0x0800023c   0x00000000   Code   RO         4303    .emb_text           c_w.l(maybetermalloc1.o)
    0x0800023c   0x00000040   Code   RO            4    .text               startup_stm32f10x_md.o
    0x0800027c   0x0000005e   Code   RO         3988    .text               c_w.l(h1_alloc.o)
    0x080002da   0x0000004e   Code   RO         3990    .text               c_w.l(h1_free.o)
    0x08000328   0x00000034   Code   RO         4046    .text               c_w.l(c89vsnprintf.o)
    0x0800035c   0x0000002c   Code   RO         4048    .text               c_w.l(__2sprintf.o)
    0x08000388   0x00000052   Code   RO         4054    .text               c_w.l(_printf_str.o)
    0x080003da   0x00000002   PAD
    0x080003dc   0x00000078   Code   RO         4056    .text               c_w.l(_printf_dec.o)
    0x08000454   0x00000188   Code   RO         4075    .text               c_w.l(__printf_flags_ss_wp.o)
    0x080005dc   0x0000001a   Code   RO         4081    .text               c_w.l(atoi.o)
    0x080005f6   0x00000014   Code   RO         4083    .text               c_w.l(strchr.o)
    0x0800060a   0x00000024   Code   RO         4085    .text               c_w.l(strncat.o)
    0x0800062e   0x00000024   Code   RO         4087    .text               c_w.l(strstr.o)
    0x08000652   0x0000003e   Code   RO         4089    .text               c_w.l(strlen.o)
    0x08000690   0x00000018   Code   RO         4091    .text               c_w.l(strcat.o)
    0x080006a8   0x0000008a   Code   RO         4093    .text               c_w.l(rt_memcpy_v6.o)
    0x08000732   0x00000044   Code   RO         4095    .text               c_w.l(rt_memclr.o)
    0x08000776   0x0000004e   Code   RO         4097    .text               c_w.l(rt_memclr_w.o)
    0x080007c4   0x00000006   Code   RO         4099    .text               c_w.l(heapauxi.o)
    0x080007ca   0x00000002   PAD
    0x080007cc   0x00000008   Code   RO         4125    .text               c_w.l(rt_heap_descriptor_intlibspace.o)
    0x080007d4   0x00000008   Code   RO         4130    .text               c_w.l(rt_errno_addr_intlibspace.o)
    0x080007dc   0x00000004   Code   RO         4132    .text               c_w.l(hguard.o)
    0x080007e0   0x0000008a   Code   RO         4134    .text               c_w.l(init_alloc.o)
    0x0800086a   0x0000000e   Code   RO         4138    .text               c_w.l(h1_init.o)
    0x08000878   0x0000004e   Code   RO         4152    .text               c_w.l(_printf_pad.o)
    0x080008c6   0x00000024   Code   RO         4154    .text               c_w.l(_printf_truncate.o)
    0x080008ea   0x000000b2   Code   RO         4156    .text               c_w.l(_printf_intcommon.o)
    0x0800099c   0x00000028   Code   RO         4158    .text               c_w.l(_printf_charcount.o)
    0x080009c4   0x00000030   Code   RO         4160    .text               c_w.l(_printf_char_common.o)
    0x080009f4   0x0000000a   Code   RO         4162    .text               c_w.l(_sputc.o)
    0x080009fe   0x00000010   Code   RO         4164    .text               c_w.l(_snputc.o)
    0x08000a0e   0x0000002c   Code   RO         4166    .text               c_w.l(_printf_char.o)
    0x08000a3a   0x00000002   PAD
    0x08000a3c   0x000000bc   Code   RO         4168    .text               c_w.l(_printf_wctomb.o)
    0x08000af8   0x0000007c   Code   RO         4171    .text               c_w.l(_printf_longlong_dec.o)
    0x08000b74   0x00000070   Code   RO         4177    .text               c_w.l(_printf_oct_int_ll.o)
    0x08000be4   0x00000094   Code   RO         4197    .text               c_w.l(_printf_hex_int_ll_ptr.o)
    0x08000c78   0x00000070   Code   RO         4221    .text               c_w.l(strtol.o)
    0x08000ce8   0x00000064   Code   RO         4223    .text               c_w.l(rt_memcpy_w.o)
    0x08000d4c   0x00000008   Code   RO         4281    .text               c_w.l(libspace.o)
    0x08000d54   0x00000010   Code   RO         4299    .text               c_w.l(rt_ctype_table.o)
    0x08000d64   0x00000034   Code   RO         4305    .text               c_w.l(h1_extend.o)
    0x08000d98   0x0000008a   Code   RO         4309    .text               c_w.l(lludiv10.o)
    0x08000e22   0x0000041a   Code   RO         4311    .text               c_w.l(_printf_fp_dec.o)
    0x0800123c   0x0000002c   Code   RO         4315    .text               c_w.l(_printf_wchar.o)
    0x08001268   0x0000009e   Code   RO         4317    .text               c_w.l(_strtoul.o)
    0x08001306   0x00000040   Code   RO         4319    .text               c_w.l(_wcrtomb.o)
    0x08001346   0x0000000e   Code   RO         4321    .text               c_w.l(defsig_rtmem_outer.o)
    0x08001354   0x00000002   Code   RO         4332    .text               c_w.l(use_no_semi.o)
    0x08001356   0x00000000   Code   RO         4334    .text               c_w.l(indicate_semi.o)
    0x08001356   0x0000004a   Code   RO         4335    .text               c_w.l(sys_stackheap_outer.o)
    0x080013a0   0x00000008   Code   RO         4342    .text               c_w.l(rt_locale_intlibspace.o)
    0x080013a8   0x00000080   Code   RO         4346    .text               c_w.l(_printf_fp_infnan.o)
    0x08001428   0x0000001c   Code   RO         4348    .text               c_w.l(_chval.o)
    0x08001444   0x000000dc   Code   RO         4350    .text               c_w.l(bigflt0.o)
    0x08001520   0x00000012   Code   RO         4381    .text               c_w.l(exit.o)
    0x08001532   0x0000000a   Code   RO         4383    .text               c_w.l(defsig_exit.o)
    0x0800153c   0x00000050   Code   RO         4385    .text               c_w.l(defsig_rtmem_inner.o)
    0x0800158c   0x0000000c   Code   RO         4401    .text               c_w.l(sys_exit.o)
    0x08001598   0x00000032   Code   RO         4411    .text               c_w.l(defsig_general.o)
    0x080015ca   0x00000002   PAD
    0x080015cc   0x00000080   Code   RO         4413    .text               c_w.l(strcmpv7m.o)
    0x0800164c   0x0000000e   Code   RO         4431    .text               c_w.l(sys_wrch.o)
    0x0800165a   0x0000003e   Code   RO         4353    CL$$btod_d2e        c_w.l(btod.o)
    0x08001698   0x00000046   Code   RO         4355    CL$$btod_d2e_denorm_low  c_w.l(btod.o)
    0x080016de   0x00000060   Code   RO         4354    CL$$btod_d2e_norm_op1  c_w.l(btod.o)
    0x0800173e   0x00000338   Code   RO         4363    CL$$btod_div_common  c_w.l(btod.o)
    0x08001a76   0x000000c6   Code   RO         4360    CL$$btod_e2e        c_w.l(btod.o)
    0x08001b3c   0x00000028   Code   RO         4357    CL$$btod_ediv       c_w.l(btod.o)
    0x08001b64   0x00000028   Code   RO         4356    CL$$btod_emul       c_w.l(btod.o)
    0x08001b8c   0x00000244   Code   RO         4362    CL$$btod_mult_common  c_w.l(btod.o)
    0x08001dd0   0x00000006   Code   RO          263    i.ADC_ClearFlag     stm32f10x_adc.o
    0x08001dd6   0x00000016   Code   RO          265    i.ADC_Cmd           stm32f10x_adc.o
    0x08001dec   0x00000014   Code   RO          273    i.ADC_GetCalibrationStatus  stm32f10x_adc.o
    0x08001e00   0x00000008   Code   RO          274    i.ADC_GetConversionValue  stm32f10x_adc.o
    0x08001e08   0x00000012   Code   RO          276    i.ADC_GetFlagStatus  stm32f10x_adc.o
    0x08001e1a   0x00000014   Code   RO          279    i.ADC_GetResetCalibrationStatus  stm32f10x_adc.o
    0x08001e2e   0x00000002   PAD
    0x08001e30   0x00000050   Code   RO          283    i.ADC_Init          stm32f10x_adc.o
    0x08001e80   0x000000b8   Code   RO          287    i.ADC_RegularChannelConfig  stm32f10x_adc.o
    0x08001f38   0x0000000a   Code   RO          288    i.ADC_ResetCalibration  stm32f10x_adc.o
    0x08001f42   0x00000016   Code   RO          290    i.ADC_SoftwareStartConvCmd  stm32f10x_adc.o
    0x08001f58   0x0000000a   Code   RO          292    i.ADC_StartCalibration  stm32f10x_adc.o
    0x08001f62   0x00000002   PAD
    0x08001f64   0x0000004c   Code   RO         3666    i.BEEP_Init         beep.o
    0x08001fb0   0x00000004   Code   RO          137    i.BusFault_Handler  stm32f10x_it.o
    0x08001fb4   0x00000064   Code   RO         3463    i.DHT11_Check       dht11.o
    0x08002018   0x0000003c   Code   RO         3464    i.DHT11_Init        dht11.o
    0x08002054   0x0000004c   Code   RO         3465    i.DHT11_Read_Bit    dht11.o
    0x080020a0   0x0000001e   Code   RO         3466    i.DHT11_Read_Byte   dht11.o
    0x080020be   0x0000006e   Code   RO         3467    i.DHT11_Read_Data   dht11.o
    0x0800212c   0x00000040   Code   RO         3468    i.DHT11_Rst         dht11.o
    0x0800216c   0x00000002   Code   RO          138    i.DebugMon_Handler  stm32f10x_it.o
    0x0800216e   0x00000002   PAD
    0x08002170   0x0000001c   Code   RO         3927    i.ESP8266_Clear     esp8266.o
    0x0800218c   0x00000050   Code   RO         3928    i.ESP8266_GetIPD    esp8266.o
    0x080021dc   0x000001d8   Code   RO         3929    i.ESP8266_Init      esp8266.o
    0x080023b4   0x00000054   Code   RO         3930    i.ESP8266_SendCmd   esp8266.o
    0x08002408   0x00000048   Code   RO         3931    i.ESP8266_SendData  esp8266.o
    0x08002450   0x00000034   Code   RO         3932    i.ESP8266_WaitRecive  esp8266.o
    0x08002484   0x00000116   Code   RO         1374    i.GPIO_Init         stm32f10x_gpio.o
    0x0800259a   0x00000002   PAD
    0x0800259c   0x00000090   Code   RO         1376    i.GPIO_PinRemapConfig  stm32f10x_gpio.o
    0x0800262c   0x00000012   Code   RO         1378    i.GPIO_ReadInputDataBit  stm32f10x_gpio.o
    0x0800263e   0x00000004   Code   RO         1381    i.GPIO_ResetBits    stm32f10x_gpio.o
    0x08002642   0x00000004   Code   RO         1382    i.GPIO_SetBits      stm32f10x_gpio.o
    0x08002646   0x0000000a   Code   RO         1385    i.GPIO_WriteBit     stm32f10x_gpio.o
    0x08002650   0x0000002c   Code   RO         3535    i.GY302_Init        gy302.o
    0x0800267c   0x00000036   Code   RO         3536    i.GY302_RecvACK     gy302.o
    0x080026b2   0x0000004e   Code   RO         3537    i.GY302_RecvByte    gy302.o
    0x08002700   0x0000003c   Code   RO         3538    i.GY302_SendACK     gy302.o
    0x0800273c   0x00000046   Code   RO         3539    i.GY302_SendByte    gy302.o
    0x08002782   0x00000028   Code   RO         3540    i.GY302_Start       gy302.o
    0x080027aa   0x00000022   Code   RO         3541    i.GY302_Stop        gy302.o
    0x080027cc   0x00000048   Code   RO         3508    i.GetadcValue       mq-2.o
    0x08002814   0x00000004   Code   RO          139    i.HardFault_Handler  stm32f10x_it.o
    0x08002818   0x00000034   Code   RO         3681    i.LED_Init          led.o
    0x0800284c   0x0000008c   Code   RO         3509    i.MQ2_Init          mq-2.o
    0x080028d8   0x0000001c   Code   RO         3743    i.MQTT_DeleteBuffer  mqttkit.o
    0x080028f4   0x0000002e   Code   RO         3744    i.MQTT_DumpLength   mqttkit.o
    0x08002922   0x00000058   Code   RO         3745    i.MQTT_NewBuffer    mqttkit.o
    0x0800297a   0x00000002   PAD
    0x0800297c   0x0000008c   Code   RO         3746    i.MQTT_PacketCmdResp  mqttkit.o
    0x08002a08   0x000002a0   Code   RO         3747    i.MQTT_PacketConnect  mqttkit.o
    0x08002ca8   0x000001b8   Code   RO         3750    i.MQTT_PacketPublish  mqttkit.o
    0x08002e60   0x0000005c   Code   RO         3756    i.MQTT_PacketSaveData  mqttkit.o
    0x08002ebc   0x00000046   Code   RO         3759    i.MQTT_ReadLength   mqttkit.o
    0x08002f02   0x0000008c   Code   RO         3760    i.MQTT_UnPacketCmd  mqttkit.o
    0x08002f8e   0x0000001e   Code   RO         3761    i.MQTT_UnPacketConnectAck  mqttkit.o
    0x08002fac   0x0000001e   Code   RO         3763    i.MQTT_UnPacketPublishAck  mqttkit.o
    0x08002fca   0x00000002   PAD
    0x08002fcc   0x00000074   Code   RO         3767    i.MQTT_UnPacketRecv  mqttkit.o
    0x08003040   0x00000004   Code   RO          140    i.MemManage_Handler  stm32f10x_it.o
    0x08003044   0x00000002   Code   RO          141    i.NMI_Handler       stm32f10x_it.o
    0x08003046   0x00000002   PAD
    0x08003048   0x00000070   Code   RO          223    i.NVIC_Init         misc.o
    0x080030b8   0x00000014   Code   RO          224    i.NVIC_PriorityGroupConfig  misc.o
    0x080030cc   0x00000040   Code   RO         3375    i.OLED_Clear        oled.o
    0x0800310c   0x00000150   Code   RO         3379    i.OLED_Init         oled.o
    0x0800325c   0x0000002e   Code   RO         3380    i.OLED_Set_Pos      oled.o
    0x0800328a   0x00000002   PAD
    0x0800328c   0x00000070   Code   RO         3382    i.OLED_ShowChar     oled.o
    0x080032fc   0x00000084   Code   RO         3383    i.OLED_ShowNum      oled.o
    0x08003380   0x00000036   Code   RO         3384    i.OLED_ShowString   oled.o
    0x080033b6   0x00000002   PAD
    0x080033b8   0x0000007c   Code   RO         3385    i.OLED_WR_Byte      oled.o
    0x08003434   0x00000228   Code   RO         3696    i.OneNet_DevLink    onenet.o
    0x0800365c   0x000001d4   Code   RO         3697    i.OneNet_FillBuf    onenet.o
    0x08003830   0x000001d4   Code   RO         3698    i.OneNet_RevPro     onenet.o
    0x08003a04   0x000000e0   Code   RO         3699    i.OneNet_SendData   onenet.o
    0x08003ae4   0x00000002   Code   RO          142    i.PendSV_Handler    stm32f10x_it.o
    0x08003ae6   0x00000002   PAD
    0x08003ae8   0x00000020   Code   RO         1790    i.RCC_APB1PeriphClockCmd  stm32f10x_rcc.o
    0x08003b08   0x00000020   Code   RO         1792    i.RCC_APB2PeriphClockCmd  stm32f10x_rcc.o
    0x08003b28   0x000000d4   Code   RO         1800    i.RCC_GetClocksFreq  stm32f10x_rcc.o
    0x08003bfc   0x00000020   Code   RO         3542    i.SCL_Output        gy302.o
    0x08003c1c   0x00000010   Code   RO         3543    i.SDA_Input         gy302.o
    0x08003c2c   0x00000024   Code   RO         3544    i.SDA_Input_Mode    gy302.o
    0x08003c50   0x00000020   Code   RO         3545    i.SDA_Output        gy302.o
    0x08003c70   0x00000024   Code   RO         3546    i.SDA_Output_Mode   gy302.o
    0x08003c94   0x00000002   Code   RO          143    i.SVC_Handler       stm32f10x_it.o
    0x08003c96   0x00000008   Code   RO           24    i.SetSysClock       system_stm32f10x.o
    0x08003c9e   0x00000002   PAD
    0x08003ca0   0x000000e0   Code   RO           25    i.SetSysClockTo72   system_stm32f10x.o
    0x08003d80   0x0000001a   Code   RO         3547    i.Single_Write_GY302  gy302.o
    0x08003d9a   0x00000028   Code   RO          227    i.SysTick_CLKSourceConfig  misc.o
    0x08003dc2   0x00000002   Code   RO          144    i.SysTick_Handler   stm32f10x_it.o
    0x08003dc4   0x00000060   Code   RO           27    i.SystemInit        system_stm32f10x.o
    0x08003e24   0x00000088   Code   RO         3325    i.USART1_IRQHandler  usart.o
    0x08003eac   0x00000088   Code   RO         3637    i.USART2_IRQHandler  bt.o
    0x08003f34   0x0000004c   Code   RO         3933    i.USART3_IRQHandler  esp8266.o
    0x08003f80   0x00000012   Code   RO         2956    i.USART_ClearFlag   stm32f10x_usart.o
    0x08003f92   0x00000018   Code   RO         2960    i.USART_Cmd         stm32f10x_usart.o
    0x08003faa   0x0000001a   Code   RO         2963    i.USART_GetFlagStatus  stm32f10x_usart.o
    0x08003fc4   0x00000054   Code   RO         2964    i.USART_GetITStatus  stm32f10x_usart.o
    0x08004018   0x0000004a   Code   RO         2966    i.USART_ITConfig    stm32f10x_usart.o
    0x08004062   0x00000002   PAD
    0x08004064   0x000000d8   Code   RO         2967    i.USART_Init        stm32f10x_usart.o
    0x0800413c   0x0000000a   Code   RO         2974    i.USART_ReceiveData  stm32f10x_usart.o
    0x08004146   0x00000008   Code   RO         2977    i.USART_SendData    stm32f10x_usart.o
    0x0800414e   0x00000004   Code   RO          145    i.UsageFault_Handler  stm32f10x_it.o
    0x08004152   0x00000048   Code   RO         3326    i.UsartPrintf       usart.o
    0x0800419a   0x00000032   Code   RO         3327    i.Usart_SendString  usart.o
    0x080041cc   0x00000028   Code   RO         4399    i.__ARM_fpclassify  m_ws.l(fpclassify.o)
    0x080041f4   0x0000000e   Code   RO         4068    i._is_digit         c_w.l(__printf_wp.o)
    0x08004202   0x00000002   PAD
    0x08004204   0x00000044   Code   RO         3265    i.delay_init        delay.o
    0x08004248   0x0000004c   Code   RO         3266    i.delay_ms          delay.o
    0x08004294   0x0000004c   Code   RO         3267    i.delay_us          delay.o
    0x080042e0   0x00000078   Code   RO         3190    i.enviroment_check  main.o
    0x08004358   0x000001f0   Code   RO         3191    i.main              main.o
    0x08004548   0x00000044   Code   RO         3548    i.mread             gy302.o
    0x0800458c   0x00000016   Code   RO         3386    i.oled_pow          oled.o
    0x080045a2   0x00000002   PAD
    0x080045a4   0x00000050   Code   RO         3549    i.readGY302         gy302.o
    0x080045f4   0x000000ac   Code   RO         3510    i.readMQ2           mq-2.o
    0x080046a0   0x000000a0   Code   RO         3328    i.uart1_init        usart.o
    0x08004740   0x000000a4   Code   RO         3638    i.uart2_init        bt.o
    0x080047e4   0x000000a8   Code   RO         3329    i.uart3_init        usart.o
    0x0800488c   0x00000180   Code   RO         3192    i.uart_revpro       main.o
    0x08004a0c   0x0000002c   Code   RO         4376    locale$$code        c_w.l(lc_ctype_c.o)
    0x08004a38   0x0000002c   Code   RO         4379    locale$$code        c_w.l(lc_numeric_c.o)
    0x08004a64   0x000002b0   Code   RO         4104    x$fpl$ddiv          fz_ws.l(ddiv.o)
    0x08004d14   0x0000005a   Code   RO         4107    x$fpl$dfixu         fz_ws.l(dfixu.o)
    0x08004d6e   0x00000026   Code   RO         4111    x$fpl$dfltu         fz_ws.l(dflt_clz.o)
    0x08004d94   0x00000154   Code   RO         4117    x$fpl$dmul          fz_ws.l(dmul.o)
    0x08004ee8   0x0000009c   Code   RO         4272    x$fpl$dnaninf       fz_ws.l(dnaninf.o)
    0x08004f84   0x0000000c   Code   RO         4274    x$fpl$dretinf       fz_ws.l(dretinf.o)
    0x08004f90   0x00000004   Code   RO         4276    x$fpl$printf1       fz_ws.l(printf1.o)
    0x08004f94   0x00000000   Code   RO         4278    x$fpl$usenofp       fz_ws.l(usenofp.o)
    0x08004f94   0x00000818   Data   RO         3387    .constdata          oled.o
    0x080057ac   0x00000011   Data   RO         4076    .constdata          c_w.l(__printf_flags_ss_wp.o)
    0x080057bd   0x00000003   PAD
    0x080057c0   0x00000008   Data   RO         4169    .constdata          c_w.l(_printf_wctomb.o)
    0x080057c8   0x00000028   Data   RO         4198    .constdata          c_w.l(_printf_hex_int_ll_ptr.o)
    0x080057f0   0x00000094   Data   RO         4351    .constdata          c_w.l(bigflt0.o)
    0x08005884   0x00000020   Data   RO         4461    Region$$Table       anon$$obj.o
    0x080058a4   0x00000110   Data   RO         4375    locale$$data        c_w.l(lc_ctype_c.o)
    0x080059b4   0x0000001c   Data   RO         4378    locale$$data        c_w.l(lc_numeric_c.o)


    Execution Region RW_IRAM1 (Base: 0x20000000, Size: 0x000008c0, Max: 0x00005000, ABSOLUTE)

    Base Addr    Size         Type   Attr      Idx    E Section Name        Object

    0x20000000   0x00000014   Data   RW           28    .data               system_stm32f10x.o
    0x20000014   0x00000014   Data   RW         1820    .data               stm32f10x_rcc.o
    0x20000028   0x00000014   Data   RW         3193    .data               main.o
    0x2000003c   0x00000004   Data   RW         3268    .data               delay.o
    0x20000040   0x00000002   Data   RW         3331    .data               usart.o
    0x20000042   0x00000003   Data   RW         3550    .data               gy302.o
    0x20000045   0x00000001   PAD
    0x20000046   0x00000002   Data   RW         3640    .data               bt.o
    0x20000048   0x00000004   Data   RW         3935    .data               esp8266.o
    0x2000004c   0x000000c8   Zero   RW         3330    .bss                usart.o
    0x20000114   0x000000c8   Zero   RW         3639    .bss                bt.o
    0x200001dc   0x00000080   Zero   RW         3934    .bss                esp8266.o
    0x2000025c   0x00000060   Zero   RW         4282    .bss                c_w.l(libspace.o)
    0x200002bc   0x00000004   PAD
    0x200002c0   0x00000200   Zero   RW            2    HEAP                startup_stm32f10x_md.o
    0x200004c0   0x00000400   Zero   RW            1    STACK               startup_stm32f10x_md.o


==============================================================================

Image component sizes


      Code (inc. data)   RO Data    RW Data    ZI Data      Debug   Object Name

        76         10          0          0          0        476   beep.o
       300         24          0          2        200       1735   bt.o
         0          0          0          0          0       4496   core_cm3.o
       220         26          0          4          0       1599   delay.o
       440         32          0          0          0       3752   dht11.o
       864        318          0          4        128       4927   esp8266.o
       706         48          0          3          0       7830   gy302.o
        52          6          0          0          0        455   led.o
      1000        278          0         20          0       3494   main.o
       172         22          0          0          0       1841   misc.o
       384         24          0          0          0       1763   mq-2.o
      1892         28          0          0          0      12113   mqttkit.o
       890         18       2072          0          0       5840   oled.o
      1712        782          0          0          0       4808   onenet.o
        64         26        236          0       1536        816   startup_stm32f10x_md.o
       400         10          0          0          0       7941   stm32f10x_adc.o
       458          6          0          0          0       4706   stm32f10x_gpio.o
        26          0          0          0          0     215882   stm32f10x_it.o
       276         32          0         20          0       4190   stm32f10x_rcc.o
       460          6          0          0          0       6247   stm32f10x_usart.o
       328         28          0         20          0      25053   system_stm32f10x.o
       586         32          0          2        200       4431   usart.o

    ----------------------------------------------------------------------
     11332       1756       2340         76       2064     324395   Object Totals
         0          0         32          0          0          0   (incl. Generated)
        26          0          0          1          0          0   (incl. Padding)

    ----------------------------------------------------------------------

      Code (inc. data)   RO Data    RW Data    ZI Data      Debug   Library Member Name

        44          6          0          0          0         84   __2sprintf.o
         8          0          0          0          0         68   __main.o
       392          4         17          0          0         92   __printf_flags_ss_wp.o
        14          0          0          0          0         68   __printf_wp.o
         0          0          0          0          0          0   __rtentry.o
        12          0          0          0          0          0   __rtentry2.o
         6          0          0          0          0          0   __rtentry4.o
        52          8          0          0          0          0   __scatter.o
        26          0          0          0          0          0   __scatter_copy.o
        28          0          0          0          0          0   __scatter_zi.o
        28          0          0          0          0         68   _chval.o
         6          0          0          0          0          0   _printf_a.o
         6          0          0          0          0          0   _printf_c.o
        44          0          0          0          0        108   _printf_char.o
        48          6          0          0          0         96   _printf_char_common.o
        40          0          0          0          0         68   _printf_charcount.o
         6          0          0          0          0          0   _printf_d.o
       120         16          0          0          0         92   _printf_dec.o
         6          0          0          0          0          0   _printf_e.o
         6          0          0          0          0          0   _printf_f.o
      1050          0          0          0          0        216   _printf_fp_dec.o
       128         16          0          0          0         84   _printf_fp_infnan.o
         6          0          0          0          0          0   _printf_g.o
       148          4         40          0          0        160   _printf_hex_int_ll_ptr.o
         6          0          0          0          0          0   _printf_i.o
       178          0          0          0          0         88   _printf_intcommon.o
        10          0          0          0          0          0   _printf_l.o
         6          0          0          0          0          0   _printf_lc.o
        10          0          0          0          0          0   _printf_ll.o
         6          0          0          0          0          0   _printf_lld.o
         6          0          0          0          0          0   _printf_lli.o
         6          0          0          0          0          0   _printf_llo.o
         6          0          0          0          0          0   _printf_llu.o
         6          0          0          0          0          0   _printf_llx.o
       124         16          0          0          0         92   _printf_longlong_dec.o
         6          0          0          0          0          0   _printf_ls.o
         6          0          0          0          0          0   _printf_n.o
         6          0          0          0          0          0   _printf_o.o
       112          8          0          0          0        124   _printf_oct_int_ll.o
         6          0          0          0          0          0   _printf_p.o
        78          0          0          0          0        108   _printf_pad.o
         0          0          0          0          0          0   _printf_percent.o
         4          0          0          0          0          0   _printf_percent_end.o
         6          0          0          0          0          0   _printf_s.o
        82          0          0          0          0         80   _printf_str.o
        36          0          0          0          0         84   _printf_truncate.o
         6          0          0          0          0          0   _printf_u.o
        44          0          0          0          0        108   _printf_wchar.o
       188          6          8          0          0         92   _printf_wctomb.o
         6          0          0          0          0          0   _printf_x.o
        16          0          0          0          0         68   _snputc.o
        10          0          0          0          0         68   _sputc.o
       158          0          0          0          0         92   _strtoul.o
        64          0          0          0          0         92   _wcrtomb.o
        26          0          0          0          0         80   atoi.o
       220          4        148          0          0         96   bigflt0.o
      1910        128          0          0          0        672   btod.o
        52          4          0          0          0         80   c89vsnprintf.o
        10          0          0          0          0         68   defsig_exit.o
        50          0          0          0          0         88   defsig_general.o
        80         58          0          0          0         76   defsig_rtmem_inner.o
        14          0          0          0          0         80   defsig_rtmem_outer.o
        18          0          0          0          0         80   exit.o
        94          0          0          0          0         80   h1_alloc.o
        52          0          0          0          0         68   h1_extend.o
        78          0          0          0          0         80   h1_free.o
        14          0          0          0          0         84   h1_init.o
         6          0          0          0          0        152   heapauxi.o
         4          0          0          0          0        136   hguard.o
         0          0          0          0          0          0   indicate_semi.o
       138          0          0          0          0        168   init_alloc.o
        44         10        272          0          0         76   lc_ctype_c.o
        44         10         28          0          0         76   lc_numeric_c.o
         2          0          0          0          0          0   libinit.o
        38          0          0          0          0          0   libinit2.o
         2          0          0          0          0          0   libshutdown.o
         2          0          0          0          0          0   libshutdown2.o
         8          4          0          0         96         68   libspace.o
       138          0          0          0          0         80   lludiv10.o
         0          0          0          0          0          0   maybetermalloc1.o
        16          4          0          0          0         76   rt_ctype_table.o
         8          4          0          0          0         68   rt_errno_addr_intlibspace.o
         8          4          0          0          0         68   rt_heap_descriptor_intlibspace.o
         8          4          0          0          0         68   rt_locale_intlibspace.o
        68          0          0          0          0         68   rt_memclr.o
        78          0          0          0          0         80   rt_memclr_w.o
       138          0          0          0          0         68   rt_memcpy_v6.o
       100          0          0          0          0         80   rt_memcpy_w.o
         2          0          0          0          0          0   rtexit.o
        10          0          0          0          0          0   rtexit2.o
        24          0          0          0          0         68   strcat.o
        20          0          0          0          0         68   strchr.o
       128          0          0          0          0         68   strcmpv7m.o
        62          0          0          0          0         76   strlen.o
        36          0          0          0          0         76   strncat.o
        36          0          0          0          0         80   strstr.o
       112          0          0          0          0         88   strtol.o
        12          4          0          0          0         68   sys_exit.o
        74          0          0          0          0         80   sys_stackheap_outer.o
        14          0          0          0          0         76   sys_wrch.o
         2          0          0          0          0         68   use_no_semi.o
       688        140          0          0          0        208   ddiv.o
        90          4          0          0          0         92   dfixu.o
        38          0          0          0          0         68   dflt_clz.o
       340         12          0          0          0        104   dmul.o
       156          4          0          0          0         92   dnaninf.o
        12          0          0          0          0         68   dretinf.o
         4          0          0          0          0         68   printf1.o
         0          0          0          0          0          0   usenofp.o
        40          0          0          0          0         68   fpclassify.o

    ----------------------------------------------------------------------
      8804        488        516          0        100       6848   Library Totals
        14          0          3          0          4          0   (incl. Padding)

    ----------------------------------------------------------------------

      Code (inc. data)   RO Data    RW Data    ZI Data      Debug   Library Name

      7422        328        513          0         96       6080   c_w.l
      1328        160          0          0          0        700   fz_ws.l
        40          0          0          0          0         68   m_ws.l

    ----------------------------------------------------------------------
      8804        488        516          0        100       6848   Library Totals

    ----------------------------------------------------------------------

==============================================================================


      Code (inc. data)   RO Data    RW Data    ZI Data      Debug   

     20136       2244       2856         76       2164     321619   Grand Totals
     20136       2244       2856         76       2164     321619   ELF Image Totals
     20136       2244       2856         76          0          0   ROM Totals

==============================================================================

    Total RO  Size (Code + RO Data)                22992 (  22.45kB)
    Total RW  Size (RW Data + ZI Data)              2240 (   2.19kB)
    Total ROM Size (Code + RO Data + RW Data)      23068 (  22.53kB)

==============================================================================

