<html>
<body>
<pre>
<h1>礦ision Build Log</h1>
<h2>Tool Versions:</h2>
IDE-Version: μVision V5.18.0.0
Copyright (C) 2016 ARM Ltd and ARM Germany GmbH. All rights reserved.
License Information: 1 1, 1, LIC=BUURY-IYM9J-QDGKD-8IDG0-MN30U-KYA4D
 
Tool Versions:
Toolchain:       MDK-ARM Standard  Version: 5.18
Toolchain Path:  D:\KEIL\ARM\ARMCC\Bin
C Compiler:      Armcc.exe V5.06 update 1 (build 61)
Assembler:       Armasm.exe V5.06 update 1 (build 61)
Linker/Locator:  ArmLink.exe V5.06 update 1 (build 61)
Library Manager: ArmAr.exe V5.06 update 1 (build 61)
Hex Converter:   FromElf.exe V5.06 update 1 (build 61)
CPU DLL:         SARMCM3.DLL V5.18
Dialog DLL:      DCM.DLL V1.13.6.0
Target DLL:      STLink\ST-LINKIII-KEIL_SWO.dll V2.0.18.0
Dialog DLL:      TCM.DLL V1.14.8.0
 
<h2>Project:</h2>
D:\学习\大四\毕设\Graduation_Design\envirmonitor.uvprojx
Project File Date:  03/06/2023

<h2>Output:</h2>
*** Using Compiler 'V5.06 update 1 (build 61)', folder: 'D:\KEIL\ARM\ARMCC\Bin'
Build target 'Target 1'
compiling main.c...
User\main.c(226): warning:  #167-D: argument of type "char *" is incompatible with parameter of type "u8 *"
  		OLED_ShowString(0,0,tempStr);
User\main.c(230): warning:  #167-D: argument of type "char *" is incompatible with parameter of type "u8 *"
  		OLED_ShowString(0,2,humiStr);
User\main.c(248): warning:  #167-D: argument of type "char *" is incompatible with parameter of type "u8 *"
  		OLED_ShowString(0, 6, gyStr);
User\main.c: 3 warnings, 0 errors
linking...
Program Size: Code=20136 RO-data=2856 RW-data=76 ZI-data=2164  
FromELF: creating hex file...
".\Objects\envirmonitor.axf" - 0 Error(s), 3 Warning(s).

<h2>Collection of Component include folders:</h2>
  D:\学习\大四\毕设\Graduation_Design\RTE
  D:\KEILPACK\Keil\STM32F1xx_DFP\1.0.5\Device\Include

<h2>Collection of Component Files used:</h2>
Build Time Elapsed:  00:00:01
</pre>
</body>
</html>
